Archive member included to satisfy reference by file (symbol)

C:\Users\79099\STM32CubeIDE\workspace_1.13.2\device_lib\Debug\libdevice_lib.a(.)
                              ./Core/Src/app.o (nDevs)
C:\Users\79099\STM32CubeIDE\workspace_1.13.2\device_lib\Debug\libdevice_lib.a(.)
                              ./Core/Src/app.o (VDevice::DeviceInit(VDeviceCfg*))
C:\Users\79099\STM32CubeIDE\workspace_1.13.2\device_lib\Debug\libdevice_lib.a(./src/device_igniter.o)
                              ./Core/Src/app.o (VDeviceIgniter::VDeviceIgniter(unsigned char))
C:\Users\79099\STM32CubeIDE\workspace_1.13.2\device_lib\Debug\libdevice_lib.a(.)
                              C:\Users\79099\STM32CubeIDE\workspace_1.13.2\device_lib\Debug\libdevice_lib.a(.) (crc32)
C:/ST/STM32CubeIDE_1.13.2/STM32CubeIDE/plugins/com.st.stm32cube.ide.mcu.externaltools.gnu-tools-for-stm32.13.3.rel1.win32_1.0.0.202411081344/tools/bin/../lib/gcc/arm-none-eabi/13.3.1/../../../../arm-none-eabi/lib/thumb/v8-m.main+fp/hard\libstdc++_nano.a(class_type_info.o)
                              C:\Users\79099\STM32CubeIDE\workspace_1.13.2\device_lib\Debug\libdevice_lib.a(.) (vtable for __cxxabiv1::__class_type_info)
C:/ST/STM32CubeIDE_1.13.2/STM32CubeIDE/plugins/com.st.stm32cube.ide.mcu.externaltools.gnu-tools-for-stm32.13.3.rel1.win32_1.0.0.202411081344/tools/bin/../lib/gcc/arm-none-eabi/13.3.1/../../../../arm-none-eabi/lib/thumb/v8-m.main+fp/hard\libstdc++_nano.a(del_ops.o)
                              C:/ST/STM32CubeIDE_1.13.2/STM32CubeIDE/plugins/com.st.stm32cube.ide.mcu.externaltools.gnu-tools-for-stm32.13.3.rel1.win32_1.0.0.202411081344/tools/bin/../lib/gcc/arm-none-eabi/13.3.1/../../../../arm-none-eabi/lib/thumb/v8-m.main+fp/hard\libstdc++_nano.a(class_type_info.o) (operator delete(void*, unsigned int))
C:/ST/STM32CubeIDE_1.13.2/STM32CubeIDE/plugins/com.st.stm32cube.ide.mcu.externaltools.gnu-tools-for-stm32.13.3.rel1.win32_1.0.0.202411081344/tools/bin/../lib/gcc/arm-none-eabi/13.3.1/../../../../arm-none-eabi/lib/thumb/v8-m.main+fp/hard\libstdc++_nano.a(si_class_type_info.o)
                              C:\Users\79099\STM32CubeIDE\workspace_1.13.2\device_lib\Debug\libdevice_lib.a(./src/device_igniter.o) (vtable for __cxxabiv1::__si_class_type_info)
C:/ST/STM32CubeIDE_1.13.2/STM32CubeIDE/plugins/com.st.stm32cube.ide.mcu.externaltools.gnu-tools-for-stm32.13.3.rel1.win32_1.0.0.202411081344/tools/bin/../lib/gcc/arm-none-eabi/13.3.1/../../../../arm-none-eabi/lib/thumb/v8-m.main+fp/hard\libstdc++_nano.a(tinfo.o)
                              C:/ST/STM32CubeIDE_1.13.2/STM32CubeIDE/plugins/com.st.stm32cube.ide.mcu.externaltools.gnu-tools-for-stm32.13.3.rel1.win32_1.0.0.202411081344/tools/bin/../lib/gcc/arm-none-eabi/13.3.1/../../../../arm-none-eabi/lib/thumb/v8-m.main+fp/hard\libstdc++_nano.a(class_type_info.o) (std::type_info::~type_info())
C:/ST/STM32CubeIDE_1.13.2/STM32CubeIDE/plugins/com.st.stm32cube.ide.mcu.externaltools.gnu-tools-for-stm32.13.3.rel1.win32_1.0.0.202411081344/tools/bin/../lib/gcc/arm-none-eabi/13.3.1/../../../../arm-none-eabi/lib/thumb/v8-m.main+fp/hard\libstdc++_nano.a(del_op.o)
                              C:/ST/STM32CubeIDE_1.13.2/STM32CubeIDE/plugins/com.st.stm32cube.ide.mcu.externaltools.gnu-tools-for-stm32.13.3.rel1.win32_1.0.0.202411081344/tools/bin/../lib/gcc/arm-none-eabi/13.3.1/../../../../arm-none-eabi/lib/thumb/v8-m.main+fp/hard\libstdc++_nano.a(del_ops.o) (operator delete(void*))
C:/ST/STM32CubeIDE_1.13.2/STM32CubeIDE/plugins/com.st.stm32cube.ide.mcu.externaltools.gnu-tools-for-stm32.13.3.rel1.win32_1.0.0.202411081344/tools/bin/../lib/gcc/arm-none-eabi/13.3.1/../../../../arm-none-eabi/lib/thumb/v8-m.main+fp/hard\libc_nano.a(libc_a-exit.o)
                              C:/ST/STM32CubeIDE_1.13.2/STM32CubeIDE/plugins/com.st.stm32cube.ide.mcu.externaltools.gnu-tools-for-stm32.13.3.rel1.win32_1.0.0.202411081344/tools/bin/../lib/gcc/arm-none-eabi/13.3.1/../../../../arm-none-eabi/lib/thumb/v8-m.main+fp/hard/crt0.o (exit)
C:/ST/STM32CubeIDE_1.13.2/STM32CubeIDE/plugins/com.st.stm32cube.ide.mcu.externaltools.gnu-tools-for-stm32.13.3.rel1.win32_1.0.0.202411081344/tools/bin/../lib/gcc/arm-none-eabi/13.3.1/../../../../arm-none-eabi/lib/thumb/v8-m.main+fp/hard\libc_nano.a(libc_a-malloc.o)
                              C:/ST/STM32CubeIDE_1.13.2/STM32CubeIDE/plugins/com.st.stm32cube.ide.mcu.externaltools.gnu-tools-for-stm32.13.3.rel1.win32_1.0.0.202411081344/tools/bin/../lib/gcc/arm-none-eabi/13.3.1/../../../../arm-none-eabi/lib/thumb/v8-m.main+fp/hard\libstdc++_nano.a(del_op.o) (free)
C:/ST/STM32CubeIDE_1.13.2/STM32CubeIDE/plugins/com.st.stm32cube.ide.mcu.externaltools.gnu-tools-for-stm32.13.3.rel1.win32_1.0.0.202411081344/tools/bin/../lib/gcc/arm-none-eabi/13.3.1/../../../../arm-none-eabi/lib/thumb/v8-m.main+fp/hard\libc_nano.a(libc_a-mallocr.o)
[...]
Memory Configuration

Name             Origin             Length             Attributes
RAM              0x20000000         0x00044000         xrw
FLASH            0x0800c000         0x00024000         xr
FLASH_CFG        0x0807e000         0x00002000         r
*default*        0x00000000         0xffffffff

Linker script and memory map

LOAD C:/ST/STM32CubeIDE_1.13.2/STM32CubeIDE/plugins/com.st.stm32cube.ide.mcu.externaltools.gnu-tools-for-stm32.13.3.rel1.win32_1.0.0.202411081344/tools/bin/../lib/gcc/arm-none-eabi/13.3.1/thumb/v8-m.main+fp/hard/crti.o
LOAD C:/ST/STM32CubeIDE_1.13.2/STM32CubeIDE/plugins/com.st.stm32cube.ide.mcu.externaltools.gnu-tools-for-stm32.13.3.rel1.win32_1.0.0.202411081344/tools/bin/../lib/gcc/arm-none-eabi/13.3.1/thumb/v8-m.main+fp/hard/crtbegin.o
LOAD C:/ST/STM32CubeIDE_1.13.2/STM32CubeIDE/plugins/com.st.stm32cube.ide.mcu.externaltools.gnu-tools-for-stm32.13.3.rel1.win32_1.0.0.202411081344/tools/bin/../lib/gcc/arm-none-eabi/13.3.1/../../../../arm-none-eabi/lib/thumb/v8-m.main+fp/hard/crt0.o
LOAD ./Core/Src/adc.o
LOAD ./Core/Src/app.o
LOAD ./Core/Src/main.o
LOAD ./Core/Src/stm32h5xx_hal_msp.o
LOAD ./Core/Src/stm32h5xx_it.o
LOAD ./Core/Src/syscalls.o
LOAD ./Core/Src/sysmem.o
LOAD ./Core/Src/system_stm32h5xx.o
LOAD ./Core/Src/upd.o
LOAD ./Core/Startup/startup_stm32h523retx.o
LOAD ./Drivers/STM32H5xx_HAL_Driver/Src/stm32h5xx_hal.o
LOAD ./Drivers/STM32H5xx_HAL_Driver/Src/stm32h5xx_hal_adc.o
LOAD ./Drivers/STM32H5xx_HAL_Driver/Src/stm32h5xx_hal_adc_ex.o
LOAD ./Drivers/STM32H5xx_HAL_Driver/Src/stm32h5xx_hal_cortex.o
LOAD ./Drivers/STM32H5xx_HAL_Driver/Src/stm32h5xx_hal_dma.o
LOAD ./Drivers/STM32H5xx_HAL_Driver/Src/stm32h5xx_hal_dma_ex.o
LOAD ./Drivers/STM32H5xx_HAL_Driver/Src/stm32h5xx_hal_exti.o
LOAD ./Drivers/STM32H5xx_HAL_Driver/Src/stm32h5xx_hal_fdcan.o
LOAD ./Drivers/STM32H5xx_HAL_Driver/Src/stm32h5xx_hal_flash.o
LOAD ./Drivers/STM32H5xx_HAL_Driver/Src/stm32h5xx_hal_flash_ex.o
LOAD ./Drivers/STM32H5xx_HAL_Driver/Src/stm32h5xx_hal_gpio.o
LOAD ./Drivers/STM32H5xx_HAL_Driver/Src/stm32h5xx_hal_pwr.o
LOAD ./Drivers/STM32H5xx_HAL_Driver/Src/stm32h5xx_hal_pwr_ex.o
LOAD ./Drivers/STM32H5xx_HAL_Driver/Src/stm32h5xx_hal_rcc.o
LOAD ./Drivers/STM32H5xx_HAL_Driver/Src/stm32h5xx_hal_rcc_ex.o
LOAD ./Drivers/STM32H5xx_HAL_Driver/Src/stm32h5xx_hal_tim.o
LOAD ./Drivers/STM32H5xx_HAL_Driver/Src/stm32h5xx_hal_tim_ex.o
LOAD C:\Users\79099\STM32CubeIDE\workspace_1.13.2\device_lib\Debug\libdevice_lib.a
START GROUP
LOAD C:/ST/STM32CubeIDE_1.13.2/STM32CubeIDE/plugins/com.st.stm32cube.ide.mcu.externaltools.gnu-tools-for-stm32.13.3.rel1.win32_1.0.0.202411081344/tools/bin/../lib/gcc/arm-none-eabi/13.3.1/../../../../arm-none-eabi/lib/thumb/v8-m.main+fp/hard\libstdc++_nano.a
LOAD C:/ST/STM32CubeIDE_1.13.2/STM32CubeIDE/plugins/com.st.stm32cube.ide.mcu.externaltools.gnu-tools-for-stm32.13.3.rel1.win32_1.0.0.202411081344/tools/bin/../lib/gcc/arm-none-eabi/13.3.1/../../../../arm-none-eabi/lib/thumb/v8-m.main+fp/hard\libsupc++_nano.a
END GROUP
LOAD C:/ST/STM32CubeIDE_1.13.2/STM32CubeIDE/plugins/com.st.stm32cube.ide.mcu.externaltools.gnu-tools-for-stm32.13.3.rel1.win32_1.0.0.202411081344/tools/bin/../lib/gcc/arm-none-eabi/13.3.1/../../../../arm-none-eabi/lib/thumb/v8-m.main+fp/hard\libstdc++_nano.a
LOAD C:/ST/STM32CubeIDE_1.13.2/STM32CubeIDE/plugins/com.st.stm32cube.ide.mcu.externaltools.gnu-tools-for-stm32.13.3.rel1.win32_1.0.0.202411081344/tools/bin/../lib/gcc/arm-none-eabi/13.3.1/../../../../arm-none-eabi/lib/thumb/v8-m.main+fp/hard\libm.a
LOAD C:/ST/STM32CubeIDE_1.13.2/STM32CubeIDE/plugins/com.st.stm32cube.ide.mcu.externaltools.gnu-tools-for-stm32.13.3.rel1.win32_1.0.0.202411081344/tools/bin/../lib/gcc/arm-none-eabi/13.3.1/../../../../arm-none-eabi/lib/thumb/v8-m.main+fp/hard\libc_nano.a
START GROUP
LOAD C:/ST/STM32CubeIDE_1.13.2/STM32CubeIDE/plugins/com.st.stm32cube.ide.mcu.externaltools.gnu-tools-for-stm32.13.3.rel1.win32_1.0.0.202411081344/tools/bin/../lib/gcc/arm-none-eabi/13.3.1/thumb/v8-m.main+fp/hard\libgcc.a
LOAD C:/ST/STM32CubeIDE_1.13.2/STM32CubeIDE/plugins/com.st.stm32cube.ide.mcu.externaltools.gnu-tools-for-stm32.13.3.rel1.win32_1.0.0.202411081344/tools/bin/../lib/gcc/arm-none-eabi/13.3.1/../../../../arm-none-eabi/lib/thumb/v8-m.main+fp/hard\libc_nano.a
END GROUP
START GROUP
LOAD C:/ST/STM32CubeIDE_1.13.2/STM32CubeIDE/plugins/com.st.stm32cube.ide.mcu.externaltools.gnu-tools-for-stm32.13.3.rel1.win32_1.0.0.202411081344/tools/bin/../lib/gcc/arm-none-eabi/13.3.1/thumb/v8-m.main+fp/hard\libgcc.a
LOAD C:/ST/STM32CubeIDE_1.13.2/STM32CubeIDE/plugins/com.st.stm32cube.ide.mcu.externaltools.gnu-tools-for-stm32.13.3.rel1.win32_1.0.0.202411081344/tools/bin/../lib/gcc/arm-none-eabi/13.3.1/../../../../arm-none-eabi/lib/thumb/v8-m.main+fp/hard\libc_nano.a
LOAD C:/ST/STM32CubeIDE_1.13.2/STM32CubeIDE/plugins/com.st.stm32cube.ide.mcu.externaltools.gnu-tools-for-stm32.13.3.rel1.win32_1.0.0.202411081344/tools/bin/../lib/gcc/arm-none-eabi/13.3.1/../../../../arm-none-eabi/lib/thumb/v8-m.main+fp/hard\libnosys.a
END GROUP
START GROUP
LOAD C:/ST/STM32CubeIDE_1.13.2/STM32CubeIDE/plugins/com.st.stm32cube.ide.mcu.externaltools.gnu-tools-for-stm32.13.3.rel1.win32_1.0.0.202411081344/tools/bin/../lib/gcc/arm-none-eabi/13.3.1/thumb/v8-m.main+fp/hard\libgcc.a
LOAD C:/ST/STM32CubeIDE_1.13.2/STM32CubeIDE/plugins/com.st.stm32cube.ide.mcu.externaltools.gnu-tools-for-stm32.13.3.rel1.win32_1.0.0.202411081344/tools/bin/../lib/gcc/arm-none-eabi/13.3.1/../../../../arm-none-eabi/lib/thumb/v8-m.main+fp/hard\libc_nano.a
LOAD C:/ST/STM32CubeIDE_1.13.2/STM32CubeIDE/plugins/com.st.stm32cube.ide.mcu.externaltools.gnu-tools-for-stm32.13.3.rel1.win32_1.0.0.202411081344/tools/bin/../lib/gcc/arm-none-eabi/13.3.1/../../../../arm-none-eabi/lib/thumb/v8-m.main+fp/hard\libnosys.a
END GROUP
LOAD C:/ST/STM32CubeIDE_1.13.2/STM32CubeIDE/plugins/com.st.stm32cube.ide.mcu.externaltools.gnu-tools-for-stm32.13.3.rel1.win32_1.0.0.202411081344/tools/bin/../lib/gcc/arm-none-eabi/13.3.1/thumb/v8-m.main+fp/hard/crtend.o
LOAD C:/ST/STM32CubeIDE_1.13.2/STM32CubeIDE/plugins/com.st.stm32cube.ide.mcu.externaltools.gnu-tools-for-stm32.13.3.rel1.win32_1.0.0.202411081344/tools/bin/../lib/gcc/arm-none-eabi/13.3.1/thumb/v8-m.main+fp/hard/crtn.o
                0x20044000                        _estack = (ORIGIN (RAM) + LENGTH (RAM))
                0x00000200                        _Min_Heap_Size = 0x200
                0x00000400                        _Min_Stack_Size = 0x400

.isr_vector     0x0800c000      0x254
                0x0800c000                        . = ALIGN (0x4)
 *(.isr_vector)
 .isr_vector    0x0800c000      0x254 ./Core/Startup/startup_stm32h523retx.o
                0x0800c000                g_pfnVectors
                0x0800c254                        . = ALIGN (0x4)

.text           0x0800c254     0xd9e4
                0x0800c254                        . = ALIGN (0x4)
 *(.text)
 .text          0x0800c254       0x40 C:/ST/STM32CubeIDE_1.13.2/STM32CubeIDE/plugins/com.st.stm32cube.ide.mcu.externaltools.gnu-tools-for-stm32.13.3.rel1.win32_1.0.0.202411081344/tools/bin/../lib/gcc/arm-none-eabi/13.3.1/thumb/v8-m.main+fp/hard/crtbegin.o
 .text          0x0800c294     0x1190 C:\Users\79099\STM32CubeIDE\workspace_1.13.2\device_lib\Debug\libdevice_lib.a(.)
                0x0800c294                GetRetranslate
                0x0800c2ac                RcvStatusFire
                0x0800c2c6                RcvReplyStatusFire
                0x0800c2e0                RcvStartExtinguishment
                0x0800c2fa                RcvReplyStartExtinguishment
                0x0800c314                RcvStopExtinguishment
                0x0800c32e                RcvReplyStopExtinguishment
                0x0800c348                CanSendOverError
                0x0800c356                BackendGetSendOverflowCount
                0x0800c36c                BackendGetDeviceCount
                0x0800c384                SendMessageFull
                0x0800c47c                BackendProcess
                0x0800c500                isFireCMD
                0x0800c528                ProtocolParse
                0x0800c710                SendAllMessage
                0x0800c790                SendMessage
                0x0800c84c                FireServiceCmd
                0x0800c9f4                ConfigServiceCmd
                0x0800cd60                ServiceCommandParse
                0x0800cf94                SetConfigPtr
                0x0800cfc0                SetStatusFire
                0x0800cfe0                SetReplyStatusFire
                0x0800d020                SetReplyStartExtinguishment
                0x0800d060                SetReplyStopExtinguishment
                0x0800d0a0                SetStartExtinguishment
                0x0800d128                SetStopExtinguishment
                0x0800d180                BSU_Checksum
                0x0800d1c2                BSU_PacketBuildCan
                0x0800d31a                BSU_PacketParse
 .text          0x0800d424       0xe8 C:\Users\79099\STM32CubeIDE\workspace_1.13.2\device_lib\Debug\libdevice_lib.a(.)
                0x0800d424                VDevice::VDevice(unsigned char)
                0x0800d424                VDevice::VDevice(unsigned char)
                0x0800d45c                VDevice::SetStatus()
                0x0800d470                VDevice::SetDefaultCfg()
                0x0800d484                VDevice::Process()
                0x0800d498                VDevice::CommandCB(unsigned char, unsigned char*)
                0x0800d4b2                VDevice::Init()
                0x0800d4c6                VDevice::DeviceInit(VDeviceCfg*)
                0x0800d4e2                VDevice::Timer1ms()
                0x0800d4f6                VDevice::Timer1us()
 .text          0x0800d50c      0x780 C:\Users\79099\STM32CubeIDE\workspace_1.13.2\device_lib\Debug\libdevice_lib.a(./src/device_igniter.o)
                0x0800d50c                VDeviceIgniter::VDeviceIgniter(unsigned char)
                0x0800d50c                VDeviceIgniter::VDeviceIgniter(unsigned char)
                0x0800d5c4                VDeviceIgniter::Init()
                0x0800d70c                VDeviceIgniter::IsPwmActive() const
                0x0800d742                VDeviceIgniter::UpdateLineFromAdcMv(unsigned short)
                0x0800d7ea                VDeviceIgniter::Process()
                0x0800d828                VDeviceIgniter::CommandCB(unsigned char, unsigned char*)
                0x0800d97a                VDeviceIgniter::UpdateStatus(DeviceIgniterStatus)
                0x0800d99e                VDeviceIgniter::SetStatus()
                0x0800da20                VDeviceIgniter::Timer1ms()
                0x0800da9c                VDeviceIgniter::SetLineState(DeviceIgniterLineState)
                0x0800dada                VDeviceIgniter::HandleLineState()
                0x0800db56                VDeviceIgniter::UpdatePwm()
 .text          0x0800dc8c       0xd8 C:\Users\79099\STM32CubeIDE\workspace_1.13.2\device_lib\Debug\libdevice_lib.a(.)
                0x0800dc8c                crc32
                0x0800dce0                CRC16
 .text          0x0800dd64       0x14 C:/ST/STM32CubeIDE_1.13.2/STM32CubeIDE/plugins/com.st.stm32cube.ide.mcu.externaltools.gnu-tools-for-stm32.13.3.rel1.win32_1.0.0.202411081344/tools/bin/../lib/gcc/arm-none-eabi/13.3.1/../../../../arm-none-eabi/lib/thumb/v8-m.main+fp/hard\libc_nano.a(libc_a-strcmp.o)
                0x0800dd64                strcmp
 .text          0x0800dd78      0xa60 C:/ST/STM32CubeIDE_1.13.2/STM32CubeIDE/plugins/com.st.stm32cube.ide.mcu.externaltools.gnu-tools-for-stm32.13.3.rel1.win32_1.0.0.202411081344/tools/bin/../lib/gcc/arm-none-eabi/13.3.1/thumb/v8-m.main+fp/hard\libgcc.a(unwind-arm.o)
                0x0800e038                _Unwind_GetCFA
                0x0800e03c                __gnu_Unwind_RaiseException
                0x0800e0a4                __gnu_Unwind_ForcedUnwind
                0x0800e0b8                __gnu_Unwind_Resume
                0x0800e0fc                __gnu_Unwind_Resume_or_Rethrow
                0x0800e110                _Unwind_Complete
                0x0800e114                _Unwind_DeleteException
                0x0800e120                _Unwind_VRS_Get
                0x0800e16c                _Unwind_VRS_Set
                0x0800e1b8                __gnu_Unwind_Backtrace
                0x0800e4e4                __aeabi_unwind_cpp_pr0
                0x0800e4e8                __aeabi_unwind_cpp_pr1
                0x0800e4ec                __aeabi_unwind_cpp_pr2
                0x0800e4f0                _Unwind_VRS_Pop
 .text          0x0800e7d8      0x1ac C:/ST/STM32CubeIDE_1.13.2/STM32CubeIDE/plugins/com.st.stm32cube.ide.mcu.externaltools.gnu-tools-for-stm32.13.3.rel1.win32_1.0.0.202411081344/tools/bin/../lib/gcc/arm-none-eabi/13.3.1/thumb/v8-m.main+fp/hard\libgcc.a(libunwind.o)
                0x0800e7d8                __restore_core_regs
                0x0800e7d8                restore_core_regs
                0x0800e7f0                __gnu_Unwind_Restore_VFP
                0x0800e7f8                __gnu_Unwind_Save_VFP
                0x0800e800                __gnu_Unwind_Restore_VFP_D
                0x0800e808                __gnu_Unwind_Save_VFP_D
                0x0800e810                __gnu_Unwind_Restore_VFP_D_16_to_31
                0x0800e818                __gnu_Unwind_Save_VFP_D_16_to_31
                0x0800e820                __gnu_Unwind_Restore_WMMXD
                0x0800e864                __gnu_Unwind_Save_WMMXD
                0x0800e8a8                __gnu_Unwind_Restore_WMMXC
                0x0800e8bc                __gnu_Unwind_Save_WMMXC
                0x0800e8d0                ___Unwind_RaiseException
                0x0800e8d0                _Unwind_RaiseException
                0x0800e8f4                _Unwind_Resume
                0x0800e8f4                ___Unwind_Resume
                0x0800e918                _Unwind_Resume_or_Rethrow
                0x0800e918                ___Unwind_Resume_or_Rethrow
                0x0800e93c                _Unwind_ForcedUnwind
                0x0800e93c                ___Unwind_ForcedUnwind
                0x0800e960                ___Unwind_Backtrace
                0x0800e960                _Unwind_Backtrace
 .text          0x0800e984      0x3a4 C:/ST/STM32CubeIDE_1.13.2/STM32CubeIDE/plugins/com.st.stm32cube.ide.mcu.externaltools.gnu-tools-for-stm32.13.3.rel1.win32_1.0.0.202411081344/tools/bin/../lib/gcc/arm-none-eabi/13.3.1/thumb/v8-m.main+fp/hard\libgcc.a(pr-support.o)
                0x0800e9dc                __gnu_unwind_execute
                0x0800ecdc                __gnu_unwind_frame
                0x0800ed08                _Unwind_GetRegionStart
                0x0800ed14                _Unwind_GetLanguageSpecificData
 *(.text*)
 .text.SmaProcess
                0x0800ed28       0xd4 ./Core/Src/adc.o
 .text.ADC_GetIgniter1Filtered
                0x0800edfc       0x18 ./Core/Src/adc.o
                0x0800edfc                ADC_GetIgniter1Filtered
 .text.ADC_GetIgniter2Filtered
                0x0800ee14       0x18 ./Core/Src/adc.o
                0x0800ee14                ADC_GetIgniter2Filtered
 .text.ADC_GetIgniter3Filtered
                0x0800ee2c       0x18 ./Core/Src/adc.o
                0x0800ee2c                ADC_GetIgniter3Filtered
 .text.ADC_GetU24Filtered
                0x0800ee44       0x18 ./Core/Src/adc.o
                0x0800ee44                ADC_GetU24Filtered
 .text.HAL_ADC_ConvCpltCallback
                0x0800ee5c       0x88 ./Core/Src/adc.o
                0x0800ee5c                HAL_ADC_ConvCpltCallback
 .text._ZNK14VDeviceIgniter6GetPwmEv
                0x0800eee4       0x18 ./Core/Src/app.o
                0x0800eee4                VDeviceIgniter::GetPwm() const
 .text.__NVIC_SystemReset
                0x0800eefc       0x2c ./Core/Src/app.o
 .text.RcvSetSystemTime
                0x0800ef28       0x14 ./Core/Src/app.o
                0x0800ef28                RcvSetSystemTime
 .text._ZL16VDeviceSetStatushhPKh
                0x0800ef3c       0x5a ./Core/Src/app.o
 *fill*         0x0800ef96        0x2 
 .text.SetHAdr  0x0800ef98       0x50 ./Core/Src/app.o
                0x0800ef98                SetHAdr
 .text.DefaultConfig
                0x0800efe8      0x120 ./Core/Src/app.o
                0x0800efe8                DefaultConfig
 .text.GetConfigSize
                0x0800f108       0x12 ./Core/Src/app.o
                0x0800f108                GetConfigSize
 *fill*         0x0800f11a        0x2 
 .text.GetConfigWord
                0x0800f11c       0x80 ./Core/Src/app.o
                0x0800f11c                GetConfigWord
 .text.SetConfigWord
                0x0800f19c       0x70 ./Core/Src/app.o
                0x0800f19c                SetConfigWord
 .text.FlashReadConfig
                0x0800f20c       0x6c ./Core/Src/app.o
 .text.FlashWriteData
                0x0800f278      0x22c ./Core/Src/app.o
 .text.SaveConfig
                0x0800f4a4       0x38 ./Core/Src/app.o
                0x0800f4a4                SaveConfig
 .text.ResetMCU
                0x0800f4dc        0x8 ./Core/Src/app.o
                0x0800f4dc                ResetMCU
 .text.MCU_K2CommandCB
                0x0800f4e4       0x2c ./Core/Src/app.o
                0x0800f4e4                MCU_K2CommandCB
 .text.CommandCB
                0x0800f510       0x78 ./Core/Src/app.o
                0x0800f510                CommandCB
 .text.ListenerCommandCB
                0x0800f588       0x16 ./Core/Src/app.o
                0x0800f588                ListenerCommandCB
 *fill*         0x0800f59e        0x2 
 .text.App_CanOnRx
                0x0800f5a0       0x50 ./Core/Src/app.o
                0x0800f5a0                App_CanOnRx
 .text.App_CanRxPush
                0x0800f5f0       0xac ./Core/Src/app.o
                0x0800f5f0                App_CanRxPush
 .text.App_CanProcess
                0x0800f69c       0x80 ./Core/Src/app.o
                0x0800f69c                App_CanProcess
 .text.App_Init
                0x0800f71c      0x1e4 ./Core/Src/app.o
                0x0800f71c                App_Init
 .text.App_Timer1ms
                0x0800f900      0x340 ./Core/Src/app.o
                0x0800f900                App_Timer1ms
 .text.App_UpdateCanActivity
                0x0800fc40       0x6c ./Core/Src/app.o
                0x0800fc40                App_UpdateCanActivity
 .text._Z41__static_initialization_and_destruction_0v
                0x0800fcac       0x2c ./Core/Src/app.o
 .text._GLOBAL__sub_I_CAN1_Active
                0x0800fcd8        0xa ./Core/Src/app.o
 *fill*         0x0800fce2        0x2 
 .text.FDCAN_StartAll
                0x0800fce4       0x68 ./Core/Src/main.o
 .text.CanTxEnqueue
                0x0800fd4c       0xa8 ./Core/Src/main.o
 .text.App_CanTxProcess
                0x0800fdf4       0xf4 ./Core/Src/main.o
                0x0800fdf4                App_CanTxProcess
 .text.CANSendData
                0x0800fee8       0x2a ./Core/Src/main.o
                0x0800fee8                CANSendData
 *fill*         0x0800ff12        0x2 
 .text.HAL_FDCAN_RxFifo0Callback
                0x0800ff14       0xb0 ./Core/Src/main.o
                0x0800ff14                HAL_FDCAN_RxFifo0Callback
 .text.HAL_FDCAN_ErrorStatusCallback
                0x0800ffc4       0x96 ./Core/Src/main.o
                0x0800ffc4                HAL_FDCAN_ErrorStatusCallback
 *fill*         0x0801005a        0x2 
 .text.main     0x0801005c       0x74 ./Core/Src/main.o
                0x0801005c                main
 .text.SystemClock_Config
                0x080100d0       0xe4 ./Core/Src/main.o
                0x080100d0                SystemClock_Config
 .text.MX_ADC1_Init
                0x080101b4      0x128 ./Core/Src/main.o
 .text.MX_FDCAN1_Init
                0x080102dc       0x8c ./Core/Src/main.o
 .text.MX_FDCAN2_Init
                0x08010368       0x8c ./Core/Src/main.o
 .text.MX_GPDMA1_Init
                0x080103f4       0x40 ./Core/Src/main.o
 .text.MX_TIM2_Init
                0x08010434       0xec ./Core/Src/main.o
 .text.MX_TIM3_Init
                0x08010520       0xec ./Core/Src/main.o
 .text.MX_TIM4_Init
                0x0801060c       0xec ./Core/Src/main.o
 .text.MX_GPIO_Init
                0x080106f8       0xc8 ./Core/Src/main.o
 .text.Error_Handler
                0x080107c0        0xc ./Core/Src/main.o
                0x080107c0                Error_Handler
 .text.HAL_MspInit
                0x080107cc        0xe ./Core/Src/stm32h5xx_hal_msp.o
                0x080107cc                HAL_MspInit
 *fill*         0x080107da        0x2 
 .text.HAL_ADC_MspInit
                0x080107dc      0x2e0 ./Core/Src/stm32h5xx_hal_msp.o
                0x080107dc                HAL_ADC_MspInit
 .text.HAL_FDCAN_MspInit
                0x08010abc      0x1c0 ./Core/Src/stm32h5xx_hal_msp.o
                0x08010abc                HAL_FDCAN_MspInit
 .text.HAL_TIM_Base_MspInit
                0x08010c7c       0x9c ./Core/Src/stm32h5xx_hal_msp.o
                0x08010c7c                HAL_TIM_Base_MspInit
 .text.HAL_TIM_MspPostInit
                0x08010d18      0x114 ./Core/Src/stm32h5xx_hal_msp.o
                0x08010d18                HAL_TIM_MspPostInit
 .text.NMI_Handler
                0x08010e2c        0x8 ./Core/Src/stm32h5xx_it.o
                0x08010e2c                NMI_Handler
 .text.HardFault_Handler
                0x08010e34        0x8 ./Core/Src/stm32h5xx_it.o
                0x08010e34                HardFault_Handler
 .text.MemManage_Handler
                0x08010e3c        0x8 ./Core/Src/stm32h5xx_it.o
                0x08010e3c                MemManage_Handler
 .text.BusFault_Handler
                0x08010e44        0x8 ./Core/Src/stm32h5xx_it.o
                0x08010e44                BusFault_Handler
 .text.UsageFault_Handler
                0x08010e4c        0x8 ./Core/Src/stm32h5xx_it.o
                0x08010e4c                UsageFault_Handler
 .text.SVC_Handler
                0x08010e54        0xe ./Core/Src/stm32h5xx_it.o
                0x08010e54                SVC_Handler
 .text.DebugMon_Handler
                0x08010e62        0xe ./Core/Src/stm32h5xx_it.o
                0x08010e62                DebugMon_Handler
 .text.PendSV_Handler
                0x08010e70        0xe ./Core/Src/stm32h5xx_it.o
                0x08010e70                PendSV_Handler
 .text.SysTick_Handler
                0x08010e7e        0xc ./Core/Src/stm32h5xx_it.o
                0x08010e7e                SysTick_Handler
 *fill*         0x08010e8a        0x2 
 .text.GPDMA1_Channel0_IRQHandler
                0x08010e8c       0x14 ./Core/Src/stm32h5xx_it.o
                0x08010e8c                GPDMA1_Channel0_IRQHandler
 .text.ADC1_IRQHandler
                0x08010ea0       0x14 ./Core/Src/stm32h5xx_it.o
                0x08010ea0                ADC1_IRQHandler
 .text.FDCAN1_IT0_IRQHandler
                0x08010eb4       0x14 ./Core/Src/stm32h5xx_it.o
                0x08010eb4                FDCAN1_IT0_IRQHandler
 .text.FDCAN2_IT0_IRQHandler
                0x08010ec8       0x14 ./Core/Src/stm32h5xx_it.o
                0x08010ec8                FDCAN2_IT0_IRQHandler
 .text._getpid  0x08010edc       0x10 ./Core/Src/syscalls.o
                0x08010edc                _getpid
 .text._kill    0x08010eec       0x20 ./Core/Src/syscalls.o
                0x08010eec                _kill
 .text._exit    0x08010f0c       0x16 ./Core/Src/syscalls.o
                0x08010f0c                _exit
 *fill*         0x08010f22        0x2 
 .text.SystemInit
                0x08010f24       0xf8 ./Core/Src/system_stm32h5xx.o
                0x08010f24                SystemInit
 .text.__NVIC_SystemReset
                0x0801101c       0x2c ./Core/Src/upd.o
 .text._ZL15UpdateFlushQuadv
                0x08011048       0xac ./Core/Src/upd.o
 .text._ZL15UpdateEraseAreav
                0x080110f4       0xc4 ./Core/Src/upd.o
 .text.SetUpdateWord
                0x080111b8      0x1b4 ./Core/Src/upd.o
                0x080111b8                SetUpdateWord
 .text.FinishUpdateTransmit
                0x0801136c       0x40 ./Core/Src/upd.o
                0x0801136c                FinishUpdateTransmit
 .text.GetAppVersion
                0x080113ac       0x10 ./Core/Src/upd.o
                0x080113ac                GetAppVersion
 .text.Reset_Handler
                0x080113bc       0x50 ./Core/Startup/startup_stm32h523retx.o
                0x080113bc                Reset_Handler
 .text.Default_Handler
                0x0801140c        0x2 ./Core/Startup/startup_stm32h523retx.o
                0x0801140c                EXTI2_IRQHandler
                0x0801140c                TIM8_TRG_COM_IRQHandler
                0x0801140c                TIM8_CC_IRQHandler
                0x0801140c                EXTI5_IRQHandler
                0x0801140c                I3C1_ER_IRQHandler
                0x0801140c                SPI4_IRQHandler
                0x0801140c                GPDMA2_Channel1_IRQHandler
                0x0801140c                FLASH_S_IRQHandler
                0x0801140c                EXTI13_IRQHandler
                0x0801140c                TIM1_CC_IRQHandler
                0x0801140c                GPDMA2_Channel3_IRQHandler
                0x0801140c                TAMP_IRQHandler
                0x0801140c                TIM6_IRQHandler
                0x0801140c                EXTI12_IRQHandler
                0x0801140c                USB_DRD_FS_IRQHandler
                0x0801140c                EXTI3_IRQHandler
                0x0801140c                GPDMA1_Channel5_IRQHandler
                0x0801140c                EXTI8_IRQHandler
                0x0801140c                GPDMA2_Channel5_IRQHandler
                0x0801140c                LPTIM2_IRQHandler
                0x0801140c                I2C3_ER_IRQHandler
                0x0801140c                GPDMA2_Channel2_IRQHandler
                0x0801140c                EXTI0_IRQHandler
                0x0801140c                I2C2_EV_IRQHandler
                0x0801140c                FPU_IRQHandler
                0x0801140c                GPDMA1_Channel3_IRQHandler
                0x0801140c                GPDMA1_Channel7_IRQHandler
                0x0801140c                FDCAN1_IT1_IRQHandler
                0x0801140c                RAMCFG_IRQHandler
                0x0801140c                DCACHE1_IRQHandler
                0x0801140c                SPI1_IRQHandler
                0x0801140c                OCTOSPI1_IRQHandler
                0x0801140c                GPDMA1_Channel2_IRQHandler
                0x0801140c                TIM8_UP_IRQHandler
                0x0801140c                RCC_S_IRQHandler
                0x0801140c                USART6_IRQHandler
                0x0801140c                I3C2_ER_IRQHandler
                0x0801140c                EXTI15_IRQHandler
                0x0801140c                USART3_IRQHandler
                0x0801140c                RTC_IRQHandler
                0x0801140c                EXTI9_IRQHandler
                0x0801140c                UART5_IRQHandler
                0x0801140c                TIM4_IRQHandler
                0x0801140c                I3C2_EV_IRQHandler
                0x0801140c                I2C1_EV_IRQHandler
                0x0801140c                GPDMA1_Channel1_IRQHandler
                0x0801140c                UART4_IRQHandler
                0x0801140c                SecureFault_Handler
                0x0801140c                TIM3_IRQHandler
                0x0801140c                RCC_IRQHandler
                0x0801140c                TIM1_TRG_COM_IRQHandler
                0x0801140c                Default_Handler
                0x0801140c                CEC_IRQHandler
                0x0801140c                GPDMA2_Channel4_IRQHandler
                0x0801140c                TIM12_IRQHandler
                0x0801140c                TIM7_IRQHandler
                0x0801140c                SDMMC1_IRQHandler
                0x0801140c                TIM5_IRQHandler
                0x0801140c                UCPD1_IRQHandler
                0x0801140c                I3C1_EV_IRQHandler
                0x0801140c                TIM15_IRQHandler
                0x0801140c                PVD_AVD_IRQHandler
                0x0801140c                I2C3_EV_IRQHandler
                0x0801140c                ADC2_IRQHandler
                0x0801140c                SPI2_IRQHandler
                0x0801140c                EXTI14_IRQHandler
                0x0801140c                EXTI11_IRQHandler
                0x0801140c                CRS_IRQHandler
                0x0801140c                EXTI4_IRQHandler
                0x0801140c                GPDMA2_Channel0_IRQHandler
                0x0801140c                RTC_S_IRQHandler
                0x0801140c                RNG_IRQHandler
                0x0801140c                FDCAN2_IT1_IRQHandler
                0x0801140c                GPDMA2_Channel6_IRQHandler
                0x0801140c                TIM1_UP_IRQHandler
                0x0801140c                WWDG_IRQHandler
                0x0801140c                IWDG_IRQHandler
                0x0801140c                LPUART1_IRQHandler
                0x0801140c                TIM2_IRQHandler
                0x0801140c                GPDMA1_Channel4_IRQHandler
                0x0801140c                EXTI7_IRQHandler
                0x0801140c                TIM1_BRK_IRQHandler
                0x0801140c                EXTI1_IRQHandler
                0x0801140c                DAC1_IRQHandler
                0x0801140c                DTS_IRQHandler
                0x0801140c                GTZC_IRQHandler
                0x0801140c                USART2_IRQHandler
                0x0801140c                GPDMA1_Channel6_IRQHandler
                0x0801140c                GPDMA2_Channel7_IRQHandler
                0x0801140c                I2C2_ER_IRQHandler
                0x0801140c                TIM8_BRK_IRQHandler
                0x0801140c                FLASH_IRQHandler
                0x0801140c                USART1_IRQHandler
                0x0801140c                EXTI10_IRQHandler
                0x0801140c                SPI3_IRQHandler
                0x0801140c                I2C1_ER_IRQHandler
                0x0801140c                FMC_IRQHandler
                0x0801140c                EXTI6_IRQHandler
                0x0801140c                LPTIM1_IRQHandler
                0x0801140c                DCMI_PSSI_IRQHandler
                0x0801140c                ICACHE_IRQHandler
                0x0801140c                HASH_IRQHandler
 *fill*         0x0801140e        0x2 
 .text.HAL_Init
                0x08011410       0x50 ./Drivers/STM32H5xx_HAL_Driver/Src/stm32h5xx_hal.o
                0x08011410                HAL_Init
 .text.HAL_InitTick
                0x08011460       0xec ./Drivers/STM32H5xx_HAL_Driver/Src/stm32h5xx_hal.o
                0x08011460                HAL_InitTick
 .text.HAL_IncTick
                0x0801154c       0x28 ./Drivers/STM32H5xx_HAL_Driver/Src/stm32h5xx_hal.o
                0x0801154c                HAL_IncTick
 .text.HAL_GetTick
                0x08011574       0x18 ./Drivers/STM32H5xx_HAL_Driver/Src/stm32h5xx_hal.o
                0x08011574                HAL_GetTick
 .text.HAL_SetTickFreq
                0x0801158c       0x50 ./Drivers/STM32H5xx_HAL_Driver/Src/stm32h5xx_hal.o
                0x0801158c                HAL_SetTickFreq
 .text.HAL_GetDEVID
                0x080115dc       0x1c ./Drivers/STM32H5xx_HAL_Driver/Src/stm32h5xx_hal.o
                0x080115dc                HAL_GetDEVID
 .text.HAL_GetUIDw0
                0x080115f8       0x18 ./Drivers/STM32H5xx_HAL_Driver/Src/stm32h5xx_hal.o
                0x080115f8                HAL_GetUIDw0
 .text.HAL_GetUIDw1
                0x08011610       0x18 ./Drivers/STM32H5xx_HAL_Driver/Src/stm32h5xx_hal.o
                0x08011610                HAL_GetUIDw1
 .text.HAL_GetUIDw2
                0x08011628       0x18 ./Drivers/STM32H5xx_HAL_Driver/Src/stm32h5xx_hal.o
                0x08011628                HAL_GetUIDw2
 .text.LL_ADC_SetCommonClock
                0x08011640       0x26 ./Drivers/STM32H5xx_HAL_Driver/Src/stm32h5xx_hal_adc.o
 .text.LL_ADC_SetCommonPathInternalCh
                0x08011666       0x26 ./Drivers/STM32H5xx_HAL_Driver/Src/stm32h5xx_hal_adc.o
 .text.LL_ADC_GetCommonPathInternalCh
                0x0801168c       0x1c ./Drivers/STM32H5xx_HAL_Driver/Src/stm32h5xx_hal_adc.o
 .text.LL_ADC_EnableChannelVDDcore
                0x080116a8       0x24 ./Drivers/STM32H5xx_HAL_Driver/Src/stm32h5xx_hal_adc.o
 .text.LL_ADC_EnableChannel0_GPIO
                0x080116cc       0x28 ./Drivers/STM32H5xx_HAL_Driver/Src/stm32h5xx_hal_adc.o
 .text.LL_ADC_SetOffset
                0x080116f4       0x48 ./Drivers/STM32H5xx_HAL_Driver/Src/stm32h5xx_hal_adc.o
 .text.LL_ADC_GetOffsetChannel
                0x0801173c       0x2c ./Drivers/STM32H5xx_HAL_Driver/Src/stm32h5xx_hal_adc.o
 .text.LL_ADC_SetOffsetState
                0x08011768       0x36 ./Drivers/STM32H5xx_HAL_Driver/Src/stm32h5xx_hal_adc.o
 .text.LL_ADC_SetOffsetSign
                0x0801179e       0x36 ./Drivers/STM32H5xx_HAL_Driver/Src/stm32h5xx_hal_adc.o
 .text.LL_ADC_SetOffsetSaturation
                0x080117d4       0x36 ./Drivers/STM32H5xx_HAL_Driver/Src/stm32h5xx_hal_adc.o
 .text.LL_ADC_SetSamplingTimeCommonConfig
                0x0801180a       0x26 ./Drivers/STM32H5xx_HAL_Driver/Src/stm32h5xx_hal_adc.o
 .text.LL_ADC_REG_IsTriggerSourceSWStart
                0x08011830       0x26 ./Drivers/STM32H5xx_HAL_Driver/Src/stm32h5xx_hal_adc.o
 .text.LL_ADC_REG_SetSequencerRanks
                0x08011856       0x58 ./Drivers/STM32H5xx_HAL_Driver/Src/stm32h5xx_hal_adc.o
 .text.LL_ADC_INJ_IsTriggerSourceSWStart
                0x080118ae       0x26 ./Drivers/STM32H5xx_HAL_Driver/Src/stm32h5xx_hal_adc.o
 .text.LL_ADC_SetChannelSamplingTime
                0x080118d4       0x56 ./Drivers/STM32H5xx_HAL_Driver/Src/stm32h5xx_hal_adc.o
 *fill*         0x0801192a        0x2 
 .text.LL_ADC_SetChannelSingleDiff
                0x0801192c       0x48 ./Drivers/STM32H5xx_HAL_Driver/Src/stm32h5xx_hal_adc.o
 .text.LL_ADC_GetMultimode
                0x08011974       0x1c ./Drivers/STM32H5xx_HAL_Driver/Src/stm32h5xx_hal_adc.o
 .text.LL_ADC_GetMultiDMATransfer
                0x08011990       0x1c ./Drivers/STM32H5xx_HAL_Driver/Src/stm32h5xx_hal_adc.o
 .text.LL_ADC_DisableDeepPowerDown
                0x080119ac       0x24 ./Drivers/STM32H5xx_HAL_Driver/Src/stm32h5xx_hal_adc.o
 .text.LL_ADC_IsDeepPowerDownEnabled
                0x080119d0       0x28 ./Drivers/STM32H5xx_HAL_Driver/Src/stm32h5xx_hal_adc.o
 .text.LL_ADC_EnableInternalRegulator
                0x080119f8       0x28 ./Drivers/STM32H5xx_HAL_Driver/Src/stm32h5xx_hal_adc.o
 .text.LL_ADC_IsInternalRegulatorEnabled
                0x08011a20       0x28 ./Drivers/STM32H5xx_HAL_Driver/Src/stm32h5xx_hal_adc.o
 .text.LL_ADC_Enable
                0x08011a48       0x28 ./Drivers/STM32H5xx_HAL_Driver/Src/stm32h5xx_hal_adc.o
 .text.LL_ADC_IsEnabled
                0x08011a70       0x26 ./Drivers/STM32H5xx_HAL_Driver/Src/stm32h5xx_hal_adc.o
 .text.LL_ADC_REG_StartConversion
                0x08011a96       0x28 ./Drivers/STM32H5xx_HAL_Driver/Src/stm32h5xx_hal_adc.o
 .text.LL_ADC_REG_IsConversionOngoing
                0x08011abe       0x26 ./Drivers/STM32H5xx_HAL_Driver/Src/stm32h5xx_hal_adc.o
 .text.LL_ADC_INJ_IsConversionOngoing
                0x08011ae4       0x26 ./Drivers/STM32H5xx_HAL_Driver/Src/stm32h5xx_hal_adc.o
 *fill*         0x08011b0a        0x2 
 .text.HAL_ADC_Init
                0x08011b0c      0x2a8 ./Drivers/STM32H5xx_HAL_Driver/Src/stm32h5xx_hal_adc.o
                0x08011b0c                HAL_ADC_Init
 .text.HAL_ADC_Start_DMA
                0x08011db4      0x254 ./Drivers/STM32H5xx_HAL_Driver/Src/stm32h5xx_hal_adc.o
                0x08011db4                HAL_ADC_Start_DMA
 .text.HAL_ADC_IRQHandler
                0x08012008      0x434 ./Drivers/STM32H5xx_HAL_Driver/Src/stm32h5xx_hal_adc.o
                0x08012008                HAL_ADC_IRQHandler
 .text.HAL_ADC_ConvHalfCpltCallback
                0x0801243c       0x14 ./Drivers/STM32H5xx_HAL_Driver/Src/stm32h5xx_hal_adc.o
                0x0801243c                HAL_ADC_ConvHalfCpltCallback
 .text.HAL_ADC_LevelOutOfWindowCallback
                0x08012450       0x14 ./Drivers/STM32H5xx_HAL_Driver/Src/stm32h5xx_hal_adc.o
                0x08012450                HAL_ADC_LevelOutOfWindowCallback
 .text.HAL_ADC_ErrorCallback
                0x08012464       0x14 ./Drivers/STM32H5xx_HAL_Driver/Src/stm32h5xx_hal_adc.o
                0x08012464                HAL_ADC_ErrorCallback
 .text.HAL_ADC_ConfigChannel
                0x08012478      0x820 ./Drivers/STM32H5xx_HAL_Driver/Src/stm32h5xx_hal_adc.o
                0x08012478                HAL_ADC_ConfigChannel
 .text.ADC_Enable
                0x08012c98      0x104 ./Drivers/STM32H5xx_HAL_Driver/Src/stm32h5xx_hal_adc.o
                0x08012c98                ADC_Enable
 .text.ADC_DMAConvCplt
                0x08012d9c       0xd8 ./Drivers/STM32H5xx_HAL_Driver/Src/stm32h5xx_hal_adc.o
                0x08012d9c                ADC_DMAConvCplt
 .text.ADC_DMAHalfConvCplt
                0x08012e74       0x1c ./Drivers/STM32H5xx_HAL_Driver/Src/stm32h5xx_hal_adc.o
                0x08012e74                ADC_DMAHalfConvCplt
 .text.ADC_DMAError
                0x08012e90       0x34 ./Drivers/STM32H5xx_HAL_Driver/Src/stm32h5xx_hal_adc.o
                0x08012e90                ADC_DMAError
 .text.HAL_ADCEx_InjectedConvCpltCallback
                0x08012ec4       0x14 ./Drivers/STM32H5xx_HAL_Driver/Src/stm32h5xx_hal_adc_ex.o
                0x08012ec4                HAL_ADCEx_InjectedConvCpltCallback
 .text.HAL_ADCEx_InjectedQueueOverflowCallback
                0x08012ed8       0x14 ./Drivers/STM32H5xx_HAL_Driver/Src/stm32h5xx_hal_adc_ex.o
                0x08012ed8                HAL_ADCEx_InjectedQueueOverflowCallback
 .text.HAL_ADCEx_LevelOutOfWindow2Callback
                0x08012eec       0x14 ./Drivers/STM32H5xx_HAL_Driver/Src/stm32h5xx_hal_adc_ex.o
                0x08012eec                HAL_ADCEx_LevelOutOfWindow2Callback
 .text.HAL_ADCEx_LevelOutOfWindow3Callback
                0x08012f00       0x14 ./Drivers/STM32H5xx_HAL_Driver/Src/stm32h5xx_hal_adc_ex.o
                0x08012f00                HAL_ADCEx_LevelOutOfWindow3Callback
 .text.HAL_ADCEx_EndOfSamplingCallback
                0x08012f14       0x14 ./Drivers/STM32H5xx_HAL_Driver/Src/stm32h5xx_hal_adc_ex.o
                0x08012f14                HAL_ADCEx_EndOfSamplingCallback
 .text.__NVIC_SetPriorityGrouping
                0x08012f28       0x48 ./Drivers/STM32H5xx_HAL_Driver/Src/stm32h5xx_hal_cortex.o
 .text.__NVIC_GetPriorityGrouping
                0x08012f70       0x1c ./Drivers/STM32H5xx_HAL_Driver/Src/stm32h5xx_hal_cortex.o
 .text.__NVIC_EnableIRQ
                0x08012f8c       0x3c ./Drivers/STM32H5xx_HAL_Driver/Src/stm32h5xx_hal_cortex.o
 .text.__NVIC_SetPriority
                0x08012fc8       0x54 ./Drivers/STM32H5xx_HAL_Driver/Src/stm32h5xx_hal_cortex.o
 .text.NVIC_EncodePriority
                0x0801301c       0x66 ./Drivers/STM32H5xx_HAL_Driver/Src/stm32h5xx_hal_cortex.o
 .text.HAL_NVIC_SetPriorityGrouping
                0x08013082       0x16 ./Drivers/STM32H5xx_HAL_Driver/Src/stm32h5xx_hal_cortex.o
                0x08013082                HAL_NVIC_SetPriorityGrouping
 .text.HAL_NVIC_SetPriority
                0x08013098       0x34 ./Drivers/STM32H5xx_HAL_Driver/Src/stm32h5xx_hal_cortex.o
                0x08013098                HAL_NVIC_SetPriority
 .text.HAL_NVIC_EnableIRQ
                0x080130cc       0x1c ./Drivers/STM32H5xx_HAL_Driver/Src/stm32h5xx_hal_cortex.o
                0x080130cc                HAL_NVIC_EnableIRQ
 .text.HAL_SYSTICK_Config
                0x080130e8       0x44 ./Drivers/STM32H5xx_HAL_Driver/Src/stm32h5xx_hal_cortex.o
                0x080130e8                HAL_SYSTICK_Config
 .text.HAL_SYSTICK_CLKSourceConfig
                0x0801312c       0xb0 ./Drivers/STM32H5xx_HAL_Driver/Src/stm32h5xx_hal_cortex.o
                0x0801312c                HAL_SYSTICK_CLKSourceConfig
 .text.HAL_SYSTICK_GetCLKSourceConfig
                0x080131dc       0x6c ./Drivers/STM32H5xx_HAL_Driver/Src/stm32h5xx_hal_cortex.o
                0x080131dc                HAL_SYSTICK_GetCLKSourceConfig
 .text.HAL_DMA_Start_IT
                0x08013248       0xcc ./Drivers/STM32H5xx_HAL_Driver/Src/stm32h5xx_hal_dma.o
                0x08013248                HAL_DMA_Start_IT
 .text.HAL_DMA_IRQHandler
                0x08013314      0x2c2 ./Drivers/STM32H5xx_HAL_Driver/Src/stm32h5xx_hal_dma.o
                0x08013314                HAL_DMA_IRQHandler
 .text.HAL_DMA_ConfigChannelAttributes
                0x080135d6       0x78 ./Drivers/STM32H5xx_HAL_Driver/Src/stm32h5xx_hal_dma.o
                0x080135d6                HAL_DMA_ConfigChannelAttributes
 .text.DMA_SetConfig
                0x0801364e       0x4a ./Drivers/STM32H5xx_HAL_Driver/Src/stm32h5xx_hal_dma.o
 .text.HAL_DMAEx_List_Init
                0x08013698      0x258 ./Drivers/STM32H5xx_HAL_Driver/Src/stm32h5xx_hal_dma_ex.o
                0x08013698                HAL_DMAEx_List_Init
 .text.HAL_DMAEx_List_Start_IT
                0x080138f0      0x134 ./Drivers/STM32H5xx_HAL_Driver/Src/stm32h5xx_hal_dma_ex.o
                0x080138f0                HAL_DMAEx_List_Start_IT
 .text.HAL_DMAEx_List_BuildNode
                0x08013a24       0x2c ./Drivers/STM32H5xx_HAL_Driver/Src/stm32h5xx_hal_dma_ex.o
                0x08013a24                HAL_DMAEx_List_BuildNode
 .text.HAL_DMAEx_List_GetNodeConfig
                0x08013a50       0x2c ./Drivers/STM32H5xx_HAL_Driver/Src/stm32h5xx_hal_dma_ex.o
                0x08013a50                HAL_DMAEx_List_GetNodeConfig
 .text.HAL_DMAEx_List_InsertNode
                0x08013a7c      0x192 ./Drivers/STM32H5xx_HAL_Driver/Src/stm32h5xx_hal_dma_ex.o
                0x08013a7c                HAL_DMAEx_List_InsertNode
 .text.HAL_DMAEx_List_SetCircularMode
                0x08013c0e       0xc0 ./Drivers/STM32H5xx_HAL_Driver/Src/stm32h5xx_hal_dma_ex.o
                0x08013c0e                HAL_DMAEx_List_SetCircularMode
 *fill*         0x08013cce        0x2 
 .text.HAL_DMAEx_List_LinkQ
                0x08013cd0      0x138 ./Drivers/STM32H5xx_HAL_Driver/Src/stm32h5xx_hal_dma_ex.o
                0x08013cd0                HAL_DMAEx_List_LinkQ
 .text.DMA_List_Init
                0x08013e08      0x2b0 ./Drivers/STM32H5xx_HAL_Driver/Src/stm32h5xx_hal_dma_ex.o
 .text.DMA_List_BuildNode
                0x080140b8      0x2c0 ./Drivers/STM32H5xx_HAL_Driver/Src/stm32h5xx_hal_dma_ex.o
 .text.DMA_List_GetNodeConfig
                0x08014378      0x214 ./Drivers/STM32H5xx_HAL_Driver/Src/stm32h5xx_hal_dma_ex.o
 .text.DMA_List_CheckNodesBaseAddresses
                0x0801458c       0x60 ./Drivers/STM32H5xx_HAL_Driver/Src/stm32h5xx_hal_dma_ex.o
 .text.DMA_List_CheckNodesTypes
                0x080145ec       0x78 ./Drivers/STM32H5xx_HAL_Driver/Src/stm32h5xx_hal_dma_ex.o
 .text.DMA_List_GetCLLRNodeInfo
                0x08014664       0x60 ./Drivers/STM32H5xx_HAL_Driver/Src/stm32h5xx_hal_dma_ex.o
 .text.DMA_List_FindNode
                0x080146c4      0x13e ./Drivers/STM32H5xx_HAL_Driver/Src/stm32h5xx_hal_dma_ex.o
 *fill*         0x08014802        0x2 
 .text.HAL_FDCAN_Init
                0x08014804      0x2b4 ./Drivers/STM32H5xx_HAL_Driver/Src/stm32h5xx_hal_fdcan.o
                0x08014804                HAL_FDCAN_Init
 .text.HAL_FDCAN_ConfigFilter
                0x08014ab8       0xb4 ./Drivers/STM32H5xx_HAL_Driver/Src/stm32h5xx_hal_fdcan.o
                0x08014ab8                HAL_FDCAN_ConfigFilter
 .text.HAL_FDCAN_Start
                0x08014b6c       0x50 ./Drivers/STM32H5xx_HAL_Driver/Src/stm32h5xx_hal_fdcan.o
                0x08014b6c                HAL_FDCAN_Start
 .text.HAL_FDCAN_AddMessageToTxFifoQ
                0x08014bbc       0x88 ./Drivers/STM32H5xx_HAL_Driver/Src/stm32h5xx_hal_fdcan.o
                0x08014bbc                HAL_FDCAN_AddMessageToTxFifoQ
 .text.HAL_FDCAN_GetRxMessage
                0x08014c44      0x210 ./Drivers/STM32H5xx_HAL_Driver/Src/stm32h5xx_hal_fdcan.o
                0x08014c44                HAL_FDCAN_GetRxMessage
 .text.HAL_FDCAN_GetProtocolStatus
                0x08014e54       0xa0 ./Drivers/STM32H5xx_HAL_Driver/Src/stm32h5xx_hal_fdcan.o
                0x08014e54                HAL_FDCAN_GetProtocolStatus
 .text.HAL_FDCAN_GetRxFifoFillLevel
                0x08014ef4       0x3c ./Drivers/STM32H5xx_HAL_Driver/Src/stm32h5xx_hal_fdcan.o
                0x08014ef4                HAL_FDCAN_GetRxFifoFillLevel
 .text.HAL_FDCAN_GetTxFifoFreeLevel
                0x08014f30       0x24 ./Drivers/STM32H5xx_HAL_Driver/Src/stm32h5xx_hal_fdcan.o
                0x08014f30                HAL_FDCAN_GetTxFifoFreeLevel
 .text.HAL_FDCAN_ActivateNotification
                0x08014f54      0x1cc ./Drivers/STM32H5xx_HAL_Driver/Src/stm32h5xx_hal_fdcan.o
                0x08014f54                HAL_FDCAN_ActivateNotification
 .text.HAL_FDCAN_IRQHandler
                0x08015120      0x266 ./Drivers/STM32H5xx_HAL_Driver/Src/stm32h5xx_hal_fdcan.o
                0x08015120                HAL_FDCAN_IRQHandler
 .text.HAL_FDCAN_TxEventFifoCallback
                0x08015386       0x16 ./Drivers/STM32H5xx_HAL_Driver/Src/stm32h5xx_hal_fdcan.o
                0x08015386                HAL_FDCAN_TxEventFifoCallback
 .text.HAL_FDCAN_RxFifo1Callback
                0x0801539c       0x16 ./Drivers/STM32H5xx_HAL_Driver/Src/stm32h5xx_hal_fdcan.o
                0x0801539c                HAL_FDCAN_RxFifo1Callback
 .text.HAL_FDCAN_TxFifoEmptyCallback
                0x080153b2       0x14 ./Drivers/STM32H5xx_HAL_Driver/Src/stm32h5xx_hal_fdcan.o
                0x080153b2                HAL_FDCAN_TxFifoEmptyCallback
 .text.HAL_FDCAN_TxBufferCompleteCallback
                0x080153c6       0x16 ./Drivers/STM32H5xx_HAL_Driver/Src/stm32h5xx_hal_fdcan.o
                0x080153c6                HAL_FDCAN_TxBufferCompleteCallback
 .text.HAL_FDCAN_TxBufferAbortCallback
                0x080153dc       0x16 ./Drivers/STM32H5xx_HAL_Driver/Src/stm32h5xx_hal_fdcan.o
                0x080153dc                HAL_FDCAN_TxBufferAbortCallback
 .text.HAL_FDCAN_TimestampWraparoundCallback
                0x080153f2       0x14 ./Drivers/STM32H5xx_HAL_Driver/Src/stm32h5xx_hal_fdcan.o
                0x080153f2                HAL_FDCAN_TimestampWraparoundCallback
 .text.HAL_FDCAN_TimeoutOccurredCallback
                0x08015406       0x14 ./Drivers/STM32H5xx_HAL_Driver/Src/stm32h5xx_hal_fdcan.o
                0x08015406                HAL_FDCAN_TimeoutOccurredCallback
 .text.HAL_FDCAN_HighPriorityMessageCallback
                0x0801541a       0x14 ./Drivers/STM32H5xx_HAL_Driver/Src/stm32h5xx_hal_fdcan.o
                0x0801541a                HAL_FDCAN_HighPriorityMessageCallback
 .text.HAL_FDCAN_ErrorCallback
                0x0801542e       0x14 ./Drivers/STM32H5xx_HAL_Driver/Src/stm32h5xx_hal_fdcan.o
                0x0801542e                HAL_FDCAN_ErrorCallback
 *fill*         0x08015442        0x2 
 .text.FDCAN_CalcultateRamBlockAddresses
                0x08015444       0xc4 ./Drivers/STM32H5xx_HAL_Driver/Src/stm32h5xx_hal_fdcan.o
 .text.FDCAN_CopyMessageToRAM
                0x08015508       0xf8 ./Drivers/STM32H5xx_HAL_Driver/Src/stm32h5xx_hal_fdcan.o
 .text.HAL_FLASH_Program
                0x08015600       0xf0 ./Drivers/STM32H5xx_HAL_Driver/Src/stm32h5xx_hal_flash.o
                0x08015600                HAL_FLASH_Program
 .text.HAL_FLASH_Unlock
                0x080156f0       0x4c ./Drivers/STM32H5xx_HAL_Driver/Src/stm32h5xx_hal_flash.o
                0x080156f0                HAL_FLASH_Unlock
 .text.HAL_FLASH_Lock
                0x0801573c       0x38 ./Drivers/STM32H5xx_HAL_Driver/Src/stm32h5xx_hal_flash.o
                0x0801573c                HAL_FLASH_Lock
 .text.FLASH_WaitForLastOperation
                0x08015774       0x9c ./Drivers/STM32H5xx_HAL_Driver/Src/stm32h5xx_hal_flash.o
                0x08015774                FLASH_WaitForLastOperation
 .text.FLASH_Program_QuadWord
                0x08015810       0x78 ./Drivers/STM32H5xx_HAL_Driver/Src/stm32h5xx_hal_flash.o
 .text.FLASH_Program_QuadWord_OBK
                0x08015888       0x98 ./Drivers/STM32H5xx_HAL_Driver/Src/stm32h5xx_hal_flash.o
 .text.FLASH_Program_HalfWord
                0x08015920       0x34 ./Drivers/STM32H5xx_HAL_Driver/Src/stm32h5xx_hal_flash.o
 .text.FLASH_Program_Word
                0x08015954       0x34 ./Drivers/STM32H5xx_HAL_Driver/Src/stm32h5xx_hal_flash.o
 .text.HAL_FLASHEx_Erase
                0x08015988      0x100 ./Drivers/STM32H5xx_HAL_Driver/Src/stm32h5xx_hal_flash_ex.o
                0x08015988                HAL_FLASHEx_Erase
 .text.FLASH_MassErase
                0x08015a88       0x70 ./Drivers/STM32H5xx_HAL_Driver/Src/stm32h5xx_hal_flash_ex.o
 .text.FLASH_Erase_Sector
                0x08015af8       0x70 ./Drivers/STM32H5xx_HAL_Driver/Src/stm32h5xx_hal_flash_ex.o
                0x08015af8                FLASH_Erase_Sector
 .text.FLASH_OBKErase
                0x08015b68       0x28 ./Drivers/STM32H5xx_HAL_Driver/Src/stm32h5xx_hal_flash_ex.o
 .text.HAL_GPIO_Init
                0x08015b90      0x2bc ./Drivers/STM32H5xx_HAL_Driver/Src/stm32h5xx_hal_gpio.o
                0x08015b90                HAL_GPIO_Init
 .text.HAL_GPIO_WritePin
                0x08015e4c       0x30 ./Drivers/STM32H5xx_HAL_Driver/Src/stm32h5xx_hal_gpio.o
                0x08015e4c                HAL_GPIO_WritePin
 .text.HAL_GPIO_TogglePin
                0x08015e7c       0x34 ./Drivers/STM32H5xx_HAL_Driver/Src/stm32h5xx_hal_gpio.o
                0x08015e7c                HAL_GPIO_TogglePin
 .text.HAL_RCC_OscConfig
                0x08015eb0      0x870 ./Drivers/STM32H5xx_HAL_Driver/Src/stm32h5xx_hal_rcc.o
                0x08015eb0                HAL_RCC_OscConfig
 .text.HAL_RCC_ClockConfig
                0x08016720      0x370 ./Drivers/STM32H5xx_HAL_Driver/Src/stm32h5xx_hal_rcc.o
                0x08016720                HAL_RCC_ClockConfig
 .text.HAL_RCC_GetSysClockFreq
                0x08016a90      0x258 ./Drivers/STM32H5xx_HAL_Driver/Src/stm32h5xx_hal_rcc.o
                0x08016a90                HAL_RCC_GetSysClockFreq
 .text.HAL_RCC_GetHCLKFreq
                0x08016ce8       0x38 ./Drivers/STM32H5xx_HAL_Driver/Src/stm32h5xx_hal_rcc.o
                0x08016ce8                HAL_RCC_GetHCLKFreq
 .text.HAL_RCCEx_PeriphCLKConfig
                0x08016d20     0x1380 ./Drivers/STM32H5xx_HAL_Driver/Src/stm32h5xx_hal_rcc_ex.o
                0x08016d20                HAL_RCCEx_PeriphCLKConfig
 .text.RCCEx_PLL2_Config
                0x080180a0      0x130 ./Drivers/STM32H5xx_HAL_Driver/Src/stm32h5xx_hal_rcc_ex.o
 .text.RCCEx_PLL3_Config
                0x080181d0      0x130 ./Drivers/STM32H5xx_HAL_Driver/Src/stm32h5xx_hal_rcc_ex.o
 .text.HAL_TIM_Base_Init
                0x08018300       0xae ./Drivers/STM32H5xx_HAL_Driver/Src/stm32h5xx_hal_tim.o
                0x08018300                HAL_TIM_Base_Init
 .text.HAL_TIM_PWM_Init
                0x080183ae       0xae ./Drivers/STM32H5xx_HAL_Driver/Src/stm32h5xx_hal_tim.o
                0x080183ae                HAL_TIM_PWM_Init
 .text.HAL_TIM_PWM_MspInit
                0x0801845c       0x14 ./Drivers/STM32H5xx_HAL_Driver/Src/stm32h5xx_hal_tim.o
                0x0801845c                HAL_TIM_PWM_MspInit
 .text.HAL_TIM_PWM_Start
                0x08018470      0x288 ./Drivers/STM32H5xx_HAL_Driver/Src/stm32h5xx_hal_tim.o
                0x08018470                HAL_TIM_PWM_Start
 .text.HAL_TIM_PWM_Stop
                0x080186f8      0x138 ./Drivers/STM32H5xx_HAL_Driver/Src/stm32h5xx_hal_tim.o
                0x080186f8                HAL_TIM_PWM_Stop
 .text.HAL_TIM_PWM_ConfigChannel
                0x08018830      0x228 ./Drivers/STM32H5xx_HAL_Driver/Src/stm32h5xx_hal_tim.o
                0x08018830                HAL_TIM_PWM_ConfigChannel
 .text.HAL_TIM_ConfigClockSource
                0x08018a58      0x23c ./Drivers/STM32H5xx_HAL_Driver/Src/stm32h5xx_hal_tim.o
                0x08018a58                HAL_TIM_ConfigClockSource
 .text.TIM_Base_SetConfig
                0x08018c94      0x1d4 ./Drivers/STM32H5xx_HAL_Driver/Src/stm32h5xx_hal_tim.o
                0x08018c94                TIM_Base_SetConfig
 .text.TIM_OC1_SetConfig
                0x08018e68      0x134 ./Drivers/STM32H5xx_HAL_Driver/Src/stm32h5xx_hal_tim.o
 .text.TIM_OC2_SetConfig
                0x08018f9c      0x130 ./Drivers/STM32H5xx_HAL_Driver/Src/stm32h5xx_hal_tim.o
                0x08018f9c                TIM_OC2_SetConfig
 .text.TIM_OC3_SetConfig
                0x080190cc      0x12c ./Drivers/STM32H5xx_HAL_Driver/Src/stm32h5xx_hal_tim.o
 .text.TIM_OC4_SetConfig
                0x080191f8      0x130 ./Drivers/STM32H5xx_HAL_Driver/Src/stm32h5xx_hal_tim.o
 .text.TIM_OC5_SetConfig
                0x08019328       0xd4 ./Drivers/STM32H5xx_HAL_Driver/Src/stm32h5xx_hal_tim.o
 .text.TIM_OC6_SetConfig
                0x080193fc       0xd8 ./Drivers/STM32H5xx_HAL_Driver/Src/stm32h5xx_hal_tim.o
 .text.TIM_TI1_ConfigInputStage
                0x080194d4       0x5e ./Drivers/STM32H5xx_HAL_Driver/Src/stm32h5xx_hal_tim.o
 .text.TIM_TI2_ConfigInputStage
                0x08019532       0x60 ./Drivers/STM32H5xx_HAL_Driver/Src/stm32h5xx_hal_tim.o
 .text.TIM_ITRx_SetConfig
                0x08019592       0x3a ./Drivers/STM32H5xx_HAL_Driver/Src/stm32h5xx_hal_tim.o
 .text.TIM_ETR_SetConfig
                0x080195cc       0x40 ./Drivers/STM32H5xx_HAL_Driver/Src/stm32h5xx_hal_tim.o
                0x080195cc                TIM_ETR_SetConfig
 .text.TIM_CCxChannelCmd
                0x0801960c       0x4a ./Drivers/STM32H5xx_HAL_Driver/Src/stm32h5xx_hal_tim.o
                0x0801960c                TIM_CCxChannelCmd
 *fill*         0x08019656        0x2 
 .text.HAL_TIMEx_MasterConfigSynchronization
                0x08019658      0x1a0 ./Drivers/STM32H5xx_HAL_Driver/Src/stm32h5xx_hal_tim_ex.o
                0x08019658                HAL_TIMEx_MasterConfigSynchronization
 .text._ZN7VDevice5GetDTEv
                0x080197f8       0x16 C:\Users\79099\STM32CubeIDE\workspace_1.13.2\device_lib\Debug\libdevice_lib.a(.)
                0x080197f8                VDevice::GetDT()
 .text._ZN14VDeviceIgniter5GetDTEv
                0x0801980e       0x16 C:\Users\79099\STM32CubeIDE\workspace_1.13.2\device_lib\Debug\libdevice_lib.a(./src/device_igniter.o)
                0x0801980e                VDeviceIgniter::GetDT()
 .text._ZNK10__cxxabiv117__class_type_info11__do_upcastEPKS0_PPv
                0x08019824       0x32 C:/ST/STM32CubeIDE_1.13.2/STM32CubeIDE/plugins/com.st.stm32cube.ide.mcu.externaltools.gnu-tools-for-stm32.13.3.rel1.win32_1.0.0.202411081344/tools/bin/../lib/gcc/arm-none-eabi/13.3.1/../../../../arm-none-eabi/lib/thumb/v8-m.main+fp/hard\libstdc++_nano.a(class_type_info.o)
                0x08019824                __cxxabiv1::__class_type_info::__do_upcast(__cxxabiv1::__class_type_info const*, void**) const
 .text._ZNK10__cxxabiv117__class_type_info20__do_find_public_srcEiPKvPKS0_S2_
                0x08019856        0xc C:/ST/STM32CubeIDE_1.13.2/STM32CubeIDE/plugins/com.st.stm32cube.ide.mcu.externaltools.gnu-tools-for-stm32.13.3.rel1.win32_1.0.0.202411081344/tools/bin/../lib/gcc/arm-none-eabi/13.3.1/../../../../arm-none-eabi/lib/thumb/v8-m.main+fp/hard\libstdc++_nano.a(class_type_info.o)
                0x08019856                __cxxabiv1::__class_type_info::__do_find_public_src(int, void const*, __cxxabiv1::__class_type_info const*, void const*) const
 *fill*         0x08019862        0x2 
 .text._ZN10__cxxabiv117__class_type_infoD2Ev
                0x08019864       0x14 C:/ST/STM32CubeIDE_1.13.2/STM32CubeIDE/plugins/com.st.stm32cube.ide.mcu.externaltools.gnu-tools-for-stm32.13.3.rel1.win32_1.0.0.202411081344/tools/bin/../lib/gcc/arm-none-eabi/13.3.1/../../../../arm-none-eabi/lib/thumb/v8-m.main+fp/hard\libstdc++_nano.a(class_type_info.o)
                0x08019864                __cxxabiv1::__class_type_info::~__class_type_info()
                0x08019864                __cxxabiv1::__class_type_info::~__class_type_info()
 .text._ZN10__cxxabiv117__class_type_infoD0Ev
                0x08019878       0x14 C:/ST/STM32CubeIDE_1.13.2/STM32CubeIDE/plugins/com.st.stm32cube.ide.mcu.externaltools.gnu-tools-for-stm32.13.3.rel1.win32_1.0.0.202411081344/tools/bin/../lib/gcc/arm-none-eabi/13.3.1/../../../../arm-none-eabi/lib/thumb/v8-m.main+fp/hard\libstdc++_nano.a(class_type_info.o)
                0x08019878                __cxxabiv1::__class_type_info::~__class_type_info()
 .text._ZNK10__cxxabiv117__class_type_info12__do_dyncastEiNS0_10__sub_kindEPKS0_PKvS3_S5_RNS0_16__dyncast_resultE
                0x0801988c       0x3e C:/ST/STM32CubeIDE_1.13.2/STM32CubeIDE/plugins/com.st.stm32cube.ide.mcu.externaltools.gnu-tools-for-stm32.13.3.rel1.win32_1.0.0.202411081344/tools/bin/../lib/gcc/arm-none-eabi/13.3.1/../../../../arm-none-eabi/lib/thumb/v8-m.main+fp/hard\libstdc++_nano.a(class_type_info.o)
                0x0801988c                __cxxabiv1::__class_type_info::__do_dyncast(int, __cxxabiv1::__class_type_info::__sub_kind, __cxxabiv1::__class_type_info const*, void const*, __cxxabiv1::__class_type_info const*, void const*, __cxxabiv1::__class_type_info::__dyncast_result&) const
 .text._ZNK10__cxxabiv117__class_type_info11__do_upcastEPKS0_PKvRNS0_15__upcast_resultE
                0x080198ca       0x18 C:/ST/STM32CubeIDE_1.13.2/STM32CubeIDE/plugins/com.st.stm32cube.ide.mcu.externaltools.gnu-tools-for-stm32.13.3.rel1.win32_1.0.0.202411081344/tools/bin/../lib/gcc/arm-none-eabi/13.3.1/../../../../arm-none-eabi/lib/thumb/v8-m.main+fp/hard\libstdc++_nano.a(class_type_info.o)
                0x080198ca                __cxxabiv1::__class_type_info::__do_upcast(__cxxabiv1::__class_type_info const*, void const*, __cxxabiv1::__class_type_info::__upcast_result&) const
 .text._ZNK10__cxxabiv117__class_type_info10__do_catchEPKSt9type_infoPPvj
                0x080198e2       0x2a C:/ST/STM32CubeIDE_1.13.2/STM32CubeIDE/plugins/com.st.stm32cube.ide.mcu.externaltools.gnu-tools-for-stm32.13.3.rel1.win32_1.0.0.202411081344/tools/bin/../lib/gcc/arm-none-eabi/13.3.1/../../../../arm-none-eabi/lib/thumb/v8-m.main+fp/hard\libstdc++_nano.a(class_type_info.o)
                0x080198e2                __cxxabiv1::__class_type_info::__do_catch(std::type_info const*, void**, unsigned int) const
 .text._ZdlPvj  0x0801990c        0x4 C:/ST/STM32CubeIDE_1.13.2/STM32CubeIDE/plugins/com.st.stm32cube.ide.mcu.externaltools.gnu-tools-for-stm32.13.3.rel1.win32_1.0.0.202411081344/tools/bin/../lib/gcc/arm-none-eabi/13.3.1/../../../../arm-none-eabi/lib/thumb/v8-m.main+fp/hard\libstdc++_nano.a(del_ops.o)
                0x0801990c                operator delete(void*, unsigned int)
 .text._ZN10__cxxabiv120__si_class_type_infoD2Ev
                0x08019910       0x14 C:/ST/STM32CubeIDE_1.13.2/STM32CubeIDE/plugins/com.st.stm32cube.ide.mcu.externaltools.gnu-tools-for-stm32.13.3.rel1.win32_1.0.0.202411081344/tools/bin/../lib/gcc/arm-none-eabi/13.3.1/../../../../arm-none-eabi/lib/thumb/v8-m.main+fp/hard\libstdc++_nano.a(si_class_type_info.o)
                0x08019910                __cxxabiv1::__si_class_type_info::~__si_class_type_info()
                0x08019910                __cxxabiv1::__si_class_type_info::~__si_class_type_info()
 .text._ZN10__cxxabiv120__si_class_type_infoD0Ev
                0x08019924       0x14 C:/ST/STM32CubeIDE_1.13.2/STM32CubeIDE/plugins/com.st.stm32cube.ide.mcu.externaltools.gnu-tools-for-stm32.13.3.rel1.win32_1.0.0.202411081344/tools/bin/../lib/gcc/arm-none-eabi/13.3.1/../../../../arm-none-eabi/lib/thumb/v8-m.main+fp/hard\libstdc++_nano.a(si_class_type_info.o)
                0x08019924                __cxxabiv1::__si_class_type_info::~__si_class_type_info()
 .text._ZNK10__cxxabiv120__si_class_type_info20__do_find_public_srcEiPKvPKNS_17__class_type_infoES2_
                0x08019938       0x3c C:/ST/STM32CubeIDE_1.13.2/STM32CubeIDE/plugins/com.st.stm32cube.ide.mcu.externaltools.gnu-tools-for-stm32.13.3.rel1.win32_1.0.0.202411081344/tools/bin/../lib/gcc/arm-none-eabi/13.3.1/../../../../arm-none-eabi/lib/thumb/v8-m.main+fp/hard\libstdc++_nano.a(si_class_type_info.o)
                0x08019938                __cxxabiv1::__si_class_type_info::__do_find_public_src(int, void const*, __cxxabiv1::__class_type_info const*, void const*) const
 .text._ZNK10__cxxabiv120__si_class_type_info12__do_dyncastEiNS_17__class_type_info10__sub_kindEPKS1_PKvS4_S6_RNS1_16__dyncast_resultE
                0x08019974       0x74 C:/ST/STM32CubeIDE_1.13.2/STM32CubeIDE/plugins/com.st.stm32cube.ide.mcu.externaltools.gnu-tools-for-stm32.13.3.rel1.win32_1.0.0.202411081344/tools/bin/../lib/gcc/arm-none-eabi/13.3.1/../../../../arm-none-eabi/lib/thumb/v8-m.main+fp/hard\libstdc++_nano.a(si_class_type_info.o)
                0x08019974                __cxxabiv1::__si_class_type_info::__do_dyncast(int, __cxxabiv1::__class_type_info::__sub_kind, __cxxabiv1::__class_type_info const*, void const*, __cxxabiv1::__class_type_info const*, void const*, __cxxabiv1::__class_type_info::__dyncast_result&) const
 .text._ZNK10__cxxabiv120__si_class_type_info11__do_upcastEPKNS_17__class_type_infoEPKvRNS1_15__upcast_resultE
                0x080199e8       0x2a C:/ST/STM32CubeIDE_1.13.2/STM32CubeIDE/plugins/com.st.stm32cube.ide.mcu.externaltools.gnu-tools-for-stm32.13.3.rel1.win32_1.0.0.202411081344/tools/bin/../lib/gcc/arm-none-eabi/13.3.1/../../../../arm-none-eabi/lib/thumb/v8-m.main+fp/hard\libstdc++_nano.a(si_class_type_info.o)
                0x080199e8                __cxxabiv1::__si_class_type_info::__do_upcast(__cxxabiv1::__class_type_info const*, void const*, __cxxabiv1::__class_type_info::__upcast_result&) const
 .text._ZNSt9type_infoD2Ev
                0x08019a12        0x2 C:/ST/STM32CubeIDE_1.13.2/STM32CubeIDE/plugins/com.st.stm32cube.ide.mcu.externaltools.gnu-tools-for-stm32.13.3.rel1.win32_1.0.0.202411081344/tools/bin/../lib/gcc/arm-none-eabi/13.3.1/../../../../arm-none-eabi/lib/thumb/v8-m.main+fp/hard\libstdc++_nano.a(tinfo.o)
                0x08019a12                std::type_info::~type_info()
                0x08019a12                std::type_info::~type_info()
 .text._ZNKSt9type_info14__is_pointer_pEv
                0x08019a14        0x4 C:/ST/STM32CubeIDE_1.13.2/STM32CubeIDE/plugins/com.st.stm32cube.ide.mcu.externaltools.gnu-tools-for-stm32.13.3.rel1.win32_1.0.0.202411081344/tools/bin/../lib/gcc/arm-none-eabi/13.3.1/../../../../arm-none-eabi/lib/thumb/v8-m.main+fp/hard\libstdc++_nano.a(tinfo.o)
                0x08019a14                std::type_info::__is_pointer_p() const
                0x08019a14                std::type_info::__is_function_p() const
 .text._ZNKSt9type_infoeqERKS_
                0x08019a18       0x2c C:/ST/STM32CubeIDE_1.13.2/STM32CubeIDE/plugins/com.st.stm32cube.ide.mcu.externaltools.gnu-tools-for-stm32.13.3.rel1.win32_1.0.0.202411081344/tools/bin/../lib/gcc/arm-none-eabi/13.3.1/../../../../arm-none-eabi/lib/thumb/v8-m.main+fp/hard\libstdc++_nano.a(tinfo.o)
                0x08019a18                std::type_info::operator==(std::type_info const&) const
                0x08019a18                std::type_info::__equal(std::type_info const&) const
 .text._ZdlPv   0x08019a44        0x4 C:/ST/STM32CubeIDE_1.13.2/STM32CubeIDE/plugins/com.st.stm32cube.ide.mcu.externaltools.gnu-tools-for-stm32.13.3.rel1.win32_1.0.0.202411081344/tools/bin/../lib/gcc/arm-none-eabi/13.3.1/../../../../arm-none-eabi/lib/thumb/v8-m.main+fp/hard\libstdc++_nano.a(del_op.o)
                0x08019a44                operator delete(void*)
 .text.free     0x08019a48       0x10 C:/ST/STM32CubeIDE_1.13.2/STM32CubeIDE/plugins/com.st.stm32cube.ide.mcu.externaltools.gnu-tools-for-stm32.13.3.rel1.win32_1.0.0.202411081344/tools/bin/../lib/gcc/arm-none-eabi/13.3.1/../../../../arm-none-eabi/lib/thumb/v8-m.main+fp/hard\libc_nano.a(libc_a-malloc.o)
                0x08019a48                free
 .text.__malloc_lock
                0x08019a58        0xc C:/ST/STM32CubeIDE_1.13.2/STM32CubeIDE/plugins/com.st.stm32cube.ide.mcu.externaltools.gnu-tools-for-stm32.13.3.rel1.win32_1.0.0.202411081344/tools/bin/../lib/gcc/arm-none-eabi/13.3.1/../../../../arm-none-eabi/lib/thumb/v8-m.main+fp/hard\libc_nano.a(libc_a-mlock.o)
                0x08019a58                __malloc_lock
 .text.__malloc_unlock
                0x08019a64        0xc C:/ST/STM32CubeIDE_1.13.2/STM32CubeIDE/plugins/com.st.stm32cube.ide.mcu.externaltools.gnu-tools-for-stm32.13.3.rel1.win32_1.0.0.202411081344/tools/bin/../lib/gcc/arm-none-eabi/13.3.1/../../../../arm-none-eabi/lib/thumb/v8-m.main+fp/hard\libc_nano.a(libc_a-mlock.o)
                0x08019a64                __malloc_unlock
 .text.memset   0x08019a70       0x10 C:/ST/STM32CubeIDE_1.13.2/STM32CubeIDE/plugins/com.st.stm32cube.ide.mcu.externaltools.gnu-tools-for-stm32.13.3.rel1.win32_1.0.0.202411081344/tools/bin/../lib/gcc/arm-none-eabi/13.3.1/../../../../arm-none-eabi/lib/thumb/v8-m.main+fp/hard\libc_nano.a(libc_a-memset.o)
                0x08019a70                memset
 .text.__errno  0x08019a80        0xc C:/ST/STM32CubeIDE_1.13.2/STM32CubeIDE/plugins/com.st.stm32cube.ide.mcu.externaltools.gnu-tools-for-stm32.13.3.rel1.win32_1.0.0.202411081344/tools/bin/../lib/gcc/arm-none-eabi/13.3.1/../../../../arm-none-eabi/lib/thumb/v8-m.main+fp/hard\libc_nano.a(libc_a-errno.o)
                0x08019a80                __errno
 .text.__libc_init_array
                0x08019a8c       0x48 C:/ST/STM32CubeIDE_1.13.2/STM32CubeIDE/plugins/com.st.stm32cube.ide.mcu.externaltools.gnu-tools-for-stm32.13.3.rel1.win32_1.0.0.202411081344/tools/bin/../lib/gcc/arm-none-eabi/13.3.1/../../../../arm-none-eabi/lib/thumb/v8-m.main+fp/hard\libc_nano.a(libc_a-init.o)
                0x08019a8c                __libc_init_array
 .text.__retarget_lock_acquire_recursive
                0x08019ad4        0x2 C:/ST/STM32CubeIDE_1.13.2/STM32CubeIDE/plugins/com.st.stm32cube.ide.mcu.externaltools.gnu-tools-for-stm32.13.3.rel1.win32_1.0.0.202411081344/tools/bin/../lib/gcc/arm-none-eabi/13.3.1/../../../../arm-none-eabi/lib/thumb/v8-m.main+fp/hard\libc_nano.a(libc_a-lock.o)
                0x08019ad4                __retarget_lock_acquire_recursive
 .text.__retarget_lock_release_recursive
                0x08019ad6        0x2 C:/ST/STM32CubeIDE_1.13.2/STM32CubeIDE/plugins/com.st.stm32cube.ide.mcu.externaltools.gnu-tools-for-stm32.13.3.rel1.win32_1.0.0.202411081344/tools/bin/../lib/gcc/arm-none-eabi/13.3.1/../../../../arm-none-eabi/lib/thumb/v8-m.main+fp/hard\libc_nano.a(libc_a-lock.o)
                0x08019ad6                __retarget_lock_release_recursive
 .text.memcpy   0x08019ad8       0x1a C:/ST/STM32CubeIDE_1.13.2/STM32CubeIDE/plugins/com.st.stm32cube.ide.mcu.externaltools.gnu-tools-for-stm32.13.3.rel1.win32_1.0.0.202411081344/tools/bin/../lib/gcc/arm-none-eabi/13.3.1/../../../../arm-none-eabi/lib/thumb/v8-m.main+fp/hard\libc_nano.a(libc_a-memcpy-stub.o)
                0x08019ad8                memcpy
 *fill*         0x08019af2        0x2 
 .text._free_r  0x08019af4       0x94 C:/ST/STM32CubeIDE_1.13.2/STM32CubeIDE/plugins/com.st.stm32cube.ide.mcu.externaltools.gnu-tools-for-stm32.13.3.rel1.win32_1.0.0.202411081344/tools/bin/../lib/gcc/arm-none-eabi/13.3.1/../../../../arm-none-eabi/lib/thumb/v8-m.main+fp/hard\libc_nano.a(libc_a-freer.o)
                0x08019af4                _free_r
 .text.abort    0x08019b88        0xe C:/ST/STM32CubeIDE_1.13.2/STM32CubeIDE/plugins/com.st.stm32cube.ide.mcu.externaltools.gnu-tools-for-stm32.13.3.rel1.win32_1.0.0.202411081344/tools/bin/../lib/gcc/arm-none-eabi/13.3.1/../../../../arm-none-eabi/lib/thumb/v8-m.main+fp/hard\libc_nano.a(libc_a-abort.o)
                0x08019b88                abort
 .text._raise_r
                0x08019b96       0x50 C:/ST/STM32CubeIDE_1.13.2/STM32CubeIDE/plugins/com.st.stm32cube.ide.mcu.externaltools.gnu-tools-for-stm32.13.3.rel1.win32_1.0.0.202411081344/tools/bin/../lib/gcc/arm-none-eabi/13.3.1/../../../../arm-none-eabi/lib/thumb/v8-m.main+fp/hard\libc_nano.a(libc_a-signal.o)
                0x08019b96                _raise_r
 *fill*         0x08019be6        0x2 
 .text.raise    0x08019be8       0x10 C:/ST/STM32CubeIDE_1.13.2/STM32CubeIDE/plugins/com.st.stm32cube.ide.mcu.externaltools.gnu-tools-for-stm32.13.3.rel1.win32_1.0.0.202411081344/tools/bin/../lib/gcc/arm-none-eabi/13.3.1/../../../../arm-none-eabi/lib/thumb/v8-m.main+fp/hard\libc_nano.a(libc_a-signal.o)
                0x08019be8                raise
 .text._kill_r  0x08019bf8       0x24 C:/ST/STM32CubeIDE_1.13.2/STM32CubeIDE/plugins/com.st.stm32cube.ide.mcu.externaltools.gnu-tools-for-stm32.13.3.rel1.win32_1.0.0.202411081344/tools/bin/../lib/gcc/arm-none-eabi/13.3.1/../../../../arm-none-eabi/lib/thumb/v8-m.main+fp/hard\libc_nano.a(libc_a-signalr.o)
                0x08019bf8                _kill_r
 .text._getpid_r
                0x08019c1c        0x4 C:/ST/STM32CubeIDE_1.13.2/STM32CubeIDE/plugins/com.st.stm32cube.ide.mcu.externaltools.gnu-tools-for-stm32.13.3.rel1.win32_1.0.0.202411081344/tools/bin/../lib/gcc/arm-none-eabi/13.3.1/../../../../arm-none-eabi/lib/thumb/v8-m.main+fp/hard\libc_nano.a(libc_a-signalr.o)
                0x08019c1c                _getpid_r
 *(.glue_7)
 .glue_7        0x08019c20        0x0 linker stubs
 *(.glue_7t)
 .glue_7t       0x08019c20        0x0 linker stubs
 *(.eh_frame)
 .eh_frame      0x08019c20        0x0 C:/ST/STM32CubeIDE_1.13.2/STM32CubeIDE/plugins/com.st.stm32cube.ide.mcu.externaltools.gnu-tools-for-stm32.13.3.rel1.win32_1.0.0.202411081344/tools/bin/../lib/gcc/arm-none-eabi/13.3.1/thumb/v8-m.main+fp/hard/crtbegin.o
 *(.init)
 .init          0x08019c20        0x4 C:/ST/STM32CubeIDE_1.13.2/STM32CubeIDE/plugins/com.st.stm32cube.ide.mcu.externaltools.gnu-tools-for-stm32.13.3.rel1.win32_1.0.0.202411081344/tools/bin/../lib/gcc/arm-none-eabi/13.3.1/thumb/v8-m.main+fp/hard/crti.o
                0x08019c20                _init
 .init          0x08019c24        0x8 C:/ST/STM32CubeIDE_1.13.2/STM32CubeIDE/plugins/com.st.stm32cube.ide.mcu.externaltools.gnu-tools-for-stm32.13.3.rel1.win32_1.0.0.202411081344/tools/bin/../lib/gcc/arm-none-eabi/13.3.1/thumb/v8-m.main+fp/hard/crtn.o
 *(.fini)
 .fini          0x08019c2c        0x4 C:/ST/STM32CubeIDE_1.13.2/STM32CubeIDE/plugins/com.st.stm32cube.ide.mcu.externaltools.gnu-tools-for-stm32.13.3.rel1.win32_1.0.0.202411081344/tools/bin/../lib/gcc/arm-none-eabi/13.3.1/thumb/v8-m.main+fp/hard/crti.o
                0x08019c2c                _fini
 .fini          0x08019c30        0x8 C:/ST/STM32CubeIDE_1.13.2/STM32CubeIDE/plugins/com.st.stm32cube.ide.mcu.externaltools.gnu-tools-for-stm32.13.3.rel1.win32_1.0.0.202411081344/tools/bin/../lib/gcc/arm-none-eabi/13.3.1/thumb/v8-m.main+fp/hard/crtn.o
                0x08019c38                        . = ALIGN (0x4)
                0x08019c38                        _etext = .

.vfp11_veneer   0x08019c38        0x0
 .vfp11_veneer  0x08019c38        0x0 linker stubs

.v4_bx          0x08019c38        0x0
 .v4_bx         0x08019c38        0x0 linker stubs

.iplt           0x08019c38        0x0
 .iplt          0x08019c38        0x0 C:/ST/STM32CubeIDE_1.13.2/STM32CubeIDE/plugins/com.st.stm32cube.ide.mcu.externaltools.gnu-tools-for-stm32.13.3.rel1.win32_1.0.0.202411081344/tools/bin/../lib/gcc/arm-none-eabi/13.3.1/thumb/v8-m.main+fp/hard/crtbegin.o

.rodata         0x08019c38      0x198
                0x08019c38                        . = ALIGN (0x4)
 *(.rodata)
 .rodata        0x08019c38       0x18 C:\Users\79099\STM32CubeIDE\workspace_1.13.2\device_lib\Debug\libdevice_lib.a(.)
 .rodata        0x08019c50       0x39 C:\Users\79099\STM32CubeIDE\workspace_1.13.2\device_lib\Debug\libdevice_lib.a(.)
                0x08019c50                vtable for VDevice
                0x08019c78                typeinfo for VDevice
                0x08019c80                typeinfo name for VDevice
 *fill*         0x08019c89        0x3 
 .rodata        0x08019c8c       0x4d C:\Users\79099\STM32CubeIDE\workspace_1.13.2\device_lib\Debug\libdevice_lib.a(./src/device_igniter.o)
                0x08019c94                vtable for VDeviceIgniter
                0x08019cbc                typeinfo for VDeviceIgniter
                0x08019cc8                typeinfo name for VDeviceIgniter
 *(.rodata*)
 *fill*         0x08019cd9        0x3 
 .rodata.AHBPrescTable
                0x08019cdc       0x10 ./Core/Src/system_stm32h5xx.o
                0x08019cdc                AHBPrescTable
 .rodata.DLCtoBytes
                0x08019cec       0x10 ./Drivers/STM32H5xx_HAL_Driver/Src/stm32h5xx_hal_fdcan.o
 .rodata._ZTSN10__cxxabiv117__class_type_infoE
                0x08019cfc       0x22 C:/ST/STM32CubeIDE_1.13.2/STM32CubeIDE/plugins/com.st.stm32cube.ide.mcu.externaltools.gnu-tools-for-stm32.13.3.rel1.win32_1.0.0.202411081344/tools/bin/../lib/gcc/arm-none-eabi/13.3.1/../../../../arm-none-eabi/lib/thumb/v8-m.main+fp/hard\libstdc++_nano.a(class_type_info.o)
                0x08019cfc                typeinfo name for __cxxabiv1::__class_type_info
 *fill*         0x08019d1e        0x2 
 .rodata._ZTIN10__cxxabiv117__class_type_infoE
                0x08019d20        0xc C:/ST/STM32CubeIDE_1.13.2/STM32CubeIDE/plugins/com.st.stm32cube.ide.mcu.externaltools.gnu-tools-for-stm32.13.3.rel1.win32_1.0.0.202411081344/tools/bin/../lib/gcc/arm-none-eabi/13.3.1/../../../../arm-none-eabi/lib/thumb/v8-m.main+fp/hard\libstdc++_nano.a(class_type_info.o)
                0x08019d20                typeinfo for __cxxabiv1::__class_type_info
 .rodata._ZTVN10__cxxabiv117__class_type_infoE
                0x08019d2c       0x2c C:/ST/STM32CubeIDE_1.13.2/STM32CubeIDE/plugins/com.st.stm32cube.ide.mcu.externaltools.gnu-tools-for-stm32.13.3.rel1.win32_1.0.0.202411081344/tools/bin/../lib/gcc/arm-none-eabi/13.3.1/../../../../arm-none-eabi/lib/thumb/v8-m.main+fp/hard\libstdc++_nano.a(class_type_info.o)
                0x08019d2c                vtable for __cxxabiv1::__class_type_info
 .rodata._ZTSN10__cxxabiv120__si_class_type_infoE
                0x08019d58       0x25 C:/ST/STM32CubeIDE_1.13.2/STM32CubeIDE/plugins/com.st.stm32cube.ide.mcu.externaltools.gnu-tools-for-stm32.13.3.rel1.win32_1.0.0.202411081344/tools/bin/../lib/gcc/arm-none-eabi/13.3.1/../../../../arm-none-eabi/lib/thumb/v8-m.main+fp/hard\libstdc++_nano.a(si_class_type_info.o)
                0x08019d58                typeinfo name for __cxxabiv1::__si_class_type_info
 *fill*         0x08019d7d        0x3 
 .rodata._ZTIN10__cxxabiv120__si_class_type_infoE
                0x08019d80        0xc C:/ST/STM32CubeIDE_1.13.2/STM32CubeIDE/plugins/com.st.stm32cube.ide.mcu.externaltools.gnu-tools-for-stm32.13.3.rel1.win32_1.0.0.202411081344/tools/bin/../lib/gcc/arm-none-eabi/13.3.1/../../../../arm-none-eabi/lib/thumb/v8-m.main+fp/hard\libstdc++_nano.a(si_class_type_info.o)
                0x08019d80                typeinfo for __cxxabiv1::__si_class_type_info
 .rodata._ZTVN10__cxxabiv120__si_class_type_infoE
                0x08019d8c       0x2c C:/ST/STM32CubeIDE_1.13.2/STM32CubeIDE/plugins/com.st.stm32cube.ide.mcu.externaltools.gnu-tools-for-stm32.13.3.rel1.win32_1.0.0.202411081344/tools/bin/../lib/gcc/arm-none-eabi/13.3.1/../../../../arm-none-eabi/lib/thumb/v8-m.main+fp/hard\libstdc++_nano.a(si_class_type_info.o)
                0x08019d8c                vtable for __cxxabiv1::__si_class_type_info
 .rodata._ZTSSt9type_info
                0x08019db8        0xd C:/ST/STM32CubeIDE_1.13.2/STM32CubeIDE/plugins/com.st.stm32cube.ide.mcu.externaltools.gnu-tools-for-stm32.13.3.rel1.win32_1.0.0.202411081344/tools/bin/../lib/gcc/arm-none-eabi/13.3.1/../../../../arm-none-eabi/lib/thumb/v8-m.main+fp/hard\libstdc++_nano.a(tinfo.o)
                0x08019db8                typeinfo name for std::type_info
 *fill*         0x08019dc5        0x3 
 .rodata._ZTISt9type_info
                0x08019dc8        0x8 C:/ST/STM32CubeIDE_1.13.2/STM32CubeIDE/plugins/com.st.stm32cube.ide.mcu.externaltools.gnu-tools-for-stm32.13.3.rel1.win32_1.0.0.202411081344/tools/bin/../lib/gcc/arm-none-eabi/13.3.1/../../../../arm-none-eabi/lib/thumb/v8-m.main+fp/hard\libstdc++_nano.a(tinfo.o)
                0x08019dc8                typeinfo for std::type_info
                0x08019dd0                        . = ALIGN (0x4)

.ARM.extab      0x08019dd0       0x9c
                0x08019dd0                        . = ALIGN (0x4)
 *(.ARM.extab* .gnu.linkonce.armextab.*)
 .ARM.extab.text._ZN7VDevice5GetDTEv
                0x08019dd0        0x0 C:\Users\79099\STM32CubeIDE\workspace_1.13.2\device_lib\Debug\libdevice_lib.a(.)
 .ARM.extab.text._ZN14VDeviceIgniter5GetDTEv
                0x08019dd0        0x0 C:\Users\79099\STM32CubeIDE\workspace_1.13.2\device_lib\Debug\libdevice_lib.a(./src/device_igniter.o)
 .ARM.extab     0x08019dd0       0x84 C:\Users\79099\STM32CubeIDE\workspace_1.13.2\device_lib\Debug\libdevice_lib.a(./src/device_igniter.o)
 .ARM.extab     0x08019e54       0x18 C:/ST/STM32CubeIDE_1.13.2/STM32CubeIDE/plugins/com.st.stm32cube.ide.mcu.externaltools.gnu-tools-for-stm32.13.3.rel1.win32_1.0.0.202411081344/tools/bin/../lib/gcc/arm-none-eabi/13.3.1/thumb/v8-m.main+fp/hard\libgcc.a(pr-support.o)
                0x08019e6c                        . = ALIGN (0x4)

.ARM            0x08019e6c      0x120
                0x08019e6c                        . = ALIGN (0x4)
                0x08019e6c                        __exidx_start = .
 *(.ARM.exidx*)
 .ARM.exidx     0x08019e6c        0x8 C:\Users\79099\STM32CubeIDE\workspace_1.13.2\device_lib\Debug\libdevice_lib.a(.)
                                 0x48 (size before relaxing)
 .ARM.exidx     0x08019e74       0x68 C:\Users\79099\STM32CubeIDE\workspace_1.13.2\device_lib\Debug\libdevice_lib.a(./src/device_igniter.o)
                                 0x60 (size before relaxing)
 .ARM.exidx     0x08019edc        0x0 C:/ST/STM32CubeIDE_1.13.2/STM32CubeIDE/plugins/com.st.stm32cube.ide.mcu.externaltools.gnu-tools-for-stm32.13.3.rel1.win32_1.0.0.202411081344/tools/bin/../lib/gcc/arm-none-eabi/13.3.1/../../../../arm-none-eabi/lib/thumb/v8-m.main+fp/hard\libc_nano.a(libc_a-strcmp.o)
                                  0x8 (size before relaxing)
 .ARM.exidx     0x08019edc       0x78 C:/ST/STM32CubeIDE_1.13.2/STM32CubeIDE/plugins/com.st.stm32cube.ide.mcu.externaltools.gnu-tools-for-stm32.13.3.rel1.win32_1.0.0.202411081344/tools/bin/../lib/gcc/arm-none-eabi/13.3.1/thumb/v8-m.main+fp/hard\libgcc.a(unwind-arm.o)
                                 0xd8 (size before relaxing)
 .ARM.exidx     0x08019f54       0x38 C:/ST/STM32CubeIDE_1.13.2/STM32CubeIDE/plugins/com.st.stm32cube.ide.mcu.externaltools.gnu-tools-for-stm32.13.3.rel1.win32_1.0.0.202411081344/tools/bin/../lib/gcc/arm-none-eabi/13.3.1/thumb/v8-m.main+fp/hard\libgcc.a(pr-support.o)
 .ARM.exidx.text._ZN7VDevice5GetDTEv
                0x08019f8c        0x0 C:\Users\79099\STM32CubeIDE\workspace_1.13.2\device_lib\Debug\libdevice_lib.a(.)
                                  0x8 (size before relaxing)
 .ARM.exidx.text._ZN14VDeviceIgniter5GetDTEv
                0x08019f8c        0x0 C:\Users\79099\STM32CubeIDE\workspace_1.13.2\device_lib\Debug\libdevice_lib.a(./src/device_igniter.o)
                                  0x8 (size before relaxing)
                0x08019f8c                        __exidx_end = .
                0x08019f8c                        . = ALIGN (0x4)

.preinit_array  0x08019f8c        0x0
                0x08019f8c                        . = ALIGN (0x4)
                0x08019f8c                        PROVIDE (__preinit_array_start = .)
 *(.preinit_array*)
                0x08019f8c                        PROVIDE (__preinit_array_end = .)
                0x08019f8c                        . = ALIGN (0x4)

.init_array     0x08019f8c        0x8
                0x08019f8c                        . = ALIGN (0x4)
                0x08019f8c                        PROVIDE (__init_array_start = .)
 *(SORT_BY_NAME(.init_array.*))
 *(.init_array*)
 .init_array    0x08019f8c        0x4 C:/ST/STM32CubeIDE_1.13.2/STM32CubeIDE/plugins/com.st.stm32cube.ide.mcu.externaltools.gnu-tools-for-stm32.13.3.rel1.win32_1.0.0.202411081344/tools/bin/../lib/gcc/arm-none-eabi/13.3.1/thumb/v8-m.main+fp/hard/crtbegin.o
 .init_array    0x08019f90        0x4 ./Core/Src/app.o
                0x08019f94                        PROVIDE (__init_array_end = .)
                0x08019f94                        . = ALIGN (0x4)

.fini_array     0x08019f94        0x4
                0x08019f94                        . = ALIGN (0x4)
                [!provide]                        PROVIDE (__fini_array_start = .)
 *(SORT_BY_NAME(.fini_array.*))
 *(.fini_array*)
 .fini_array    0x08019f94        0x4 C:/ST/STM32CubeIDE_1.13.2/STM32CubeIDE/plugins/com.st.stm32cube.ide.mcu.externaltools.gnu-tools-for-stm32.13.3.rel1.win32_1.0.0.202411081344/tools/bin/../lib/gcc/arm-none-eabi/13.3.1/thumb/v8-m.main+fp/hard/crtbegin.o
                [!provide]                        PROVIDE (__fini_array_end = .)
                0x08019f98                        . = ALIGN (0x4)

.rel.dyn        0x08019f98        0x0
 .rel.iplt      0x08019f98        0x0 C:/ST/STM32CubeIDE_1.13.2/STM32CubeIDE/plugins/com.st.stm32cube.ide.mcu.externaltools.gnu-tools-for-stm32.13.3.rel1.win32_1.0.0.202411081344/tools/bin/../lib/gcc/arm-none-eabi/13.3.1/thumb/v8-m.main+fp/hard/crtbegin.o

.mku_cfg        0x0807e000     0x2000
                0x0807e000                        . = ALIGN (0x4)
                0x0807e000                        _mku_cfg_start = .
                0x08080000                        . = (. + 0x2000)
 *fill*         0x0807e000     0x2000 
                0x08080000                        . = ALIGN (0x4)
                0x08080000                        _mku_cfg_end = .
                0x08019f98                        _sidata = LOADADDR (.data)

.data           0x20000000      0x48c load address 0x08019f98
                0x20000000                        . = ALIGN (0x4)
                0x20000000                        _sdata = .
 *(.data)
 .data          0x20000000      0x400 C:\Users\79099\STM32CubeIDE\workspace_1.13.2\device_lib\Debug\libdevice_lib.a(.)
                0x20000000                crc32_tab
 *(.data*)
 .data.SystemCoreClock
                0x20000400        0x4 ./Core/Src/system_stm32h5xx.o
                0x20000400                SystemCoreClock
 .data._ZL16g_upd_quad_index
                0x20000404        0x4 ./Core/Src/upd.o
 .data._ZL14g_upd_quad_buf
                0x20000408       0x10 ./Core/Src/upd.o
 .data.uwTickPrio
                0x20000418        0x4 ./Drivers/STM32H5xx_HAL_Driver/Src/stm32h5xx_hal.o
                0x20000418                uwTickPrio
 .data.uwTickFreq
                0x2000041c        0x1 ./Drivers/STM32H5xx_HAL_Driver/Src/stm32h5xx_hal.o
                0x2000041c                uwTickFreq
 *fill*         0x2000041d        0x3 
 .data.pFlash   0x20000420       0x1c ./Drivers/STM32H5xx_HAL_Driver/Src/stm32h5xx_hal_flash.o
                0x20000420                pFlash
 .data._impure_ptr
                0x2000043c        0x4 C:/ST/STM32CubeIDE_1.13.2/STM32CubeIDE/plugins/com.st.stm32cube.ide.mcu.externaltools.gnu-tools-for-stm32.13.3.rel1.win32_1.0.0.202411081344/tools/bin/../lib/gcc/arm-none-eabi/13.3.1/../../../../arm-none-eabi/lib/thumb/v8-m.main+fp/hard\libc_nano.a(libc_a-impure.o)
                0x2000043c                _impure_ptr
 .data._impure_data
                0x20000440       0x4c C:/ST/STM32CubeIDE_1.13.2/STM32CubeIDE/plugins/com.st.stm32cube.ide.mcu.externaltools.gnu-tools-for-stm32.13.3.rel1.win32_1.0.0.202411081344/tools/bin/../lib/gcc/arm-none-eabi/13.3.1/../../../../arm-none-eabi/lib/thumb/v8-m.main+fp/hard\libc_nano.a(libc_a-impure.o)
                0x20000440                _impure_data
 *(.RamFunc)
 *(.RamFunc*)
                0x2000048c                        . = ALIGN (0x4)
                0x2000048c                        _edata = .

.igot.plt       0x2000048c        0x0 load address 0x0801a424
 .igot.plt      0x2000048c        0x0 C:/ST/STM32CubeIDE_1.13.2/STM32CubeIDE/plugins/com.st.stm32cube.ide.mcu.externaltools.gnu-tools-for-stm32.13.3.rel1.win32_1.0.0.202411081344/tools/bin/../lib/gcc/arm-none-eabi/13.3.1/thumb/v8-m.main+fp/hard/crtbegin.o
                0x2000048c                        . = ALIGN (0x4)

.bss            0x2000048c     0x4384 load address 0x0801a424
                0x2000048c                        _sbss = .
                0x2000048c                        __bss_start__ = _sbss
 *(.bss)
 .bss           0x2000048c       0x1c C:/ST/STM32CubeIDE_1.13.2/STM32CubeIDE/plugins/com.st.stm32cube.ide.mcu.externaltools.gnu-tools-for-stm32.13.3.rel1.win32_1.0.0.202411081344/tools/bin/../lib/gcc/arm-none-eabi/13.3.1/thumb/v8-m.main+fp/hard/crtbegin.o
 .bss           0x200004a8      0x6e0 C:\Users\79099\STM32CubeIDE\workspace_1.13.2\device_lib\Debug\libdevice_lib.a(.)
                0x200004a8                isMaster
                0x200004a9                nDevs
                0x200004ac                BoardDevicesList
                0x200004ec                ListenerDevicesList
                0x2000052c                isListener
                0x2000052d                ListenerDevNum
                0x2000052e                isCanActive
                0x2000052f                send_delay
                0x20000530                start_delay
                0x20000534                BufSendMsgObj
                0x20000b74                IndexSendMsgObj
                0x20000b75                IndexSaveMsgObj
                0x20000b7c                CanStopSend
                0x20000b7d                CanStopRetranslate
                0x20000b80                SavedCfgptr
                0x20000b84                LocalCfgptr
 *(.bss*)
 .bss.MCU_K2_ADC_VAL
                0x20000b88        0x8 ./Core/Src/adc.o
                0x20000b88                MCU_K2_ADC_VAL
 .bss.adc_filter_val
                0x20000b90        0x8 ./Core/Src/adc.o
 .bss.adc_sma_buf
                0x20000b98      0x400 ./Core/Src/adc.o
 .bss.adc_sma_sum
                0x20000f98       0x10 ./Core/Src/adc.o
 .bss.adc_sma_fill_index
                0x20000fa8        0x4 ./Core/Src/adc.o
 .bss.adc_sma_index
                0x20000fac        0x4 ./Core/Src/adc.o
 .bss.ign1_adc_filtered
                0x20000fb0        0x2 ./Core/Src/adc.o
 .bss.ign2_adc_filtered
                0x20000fb2        0x2 ./Core/Src/adc.o
 .bss.ign3_adc_filtered
                0x20000fb4        0x2 ./Core/Src/adc.o
 .bss.u24_adc_filtered
                0x20000fb6        0x2 ./Core/Src/adc.o
 .bss._ZL5g_cfg
                0x20000fb8      0x964 ./Core/Src/app.o
 .bss._ZL11g_saved_cfg
                0x2000191c      0x964 ./Core/Src/app.o
 .bss._ZL10g_igniter1
                0x20002280       0x40 ./Core/Src/app.o
 .bss._ZL10g_igniter2
                0x200022c0       0x40 ./Core/Src/app.o
 .bss._ZL10g_igniter3
                0x20002300       0x40 ./Core/Src/app.o
 .bss._ZL24g_extinguish_deadline_ms
                0x20002340       0x80 ./Core/Src/app.o
 .bss._ZL18g_extinguish_armed
                0x200023c0       0x20 ./Core/Src/app.o
 .bss._ZL11can_rx_ring
                0x200023e0     0x1000 ./Core/Src/app.o
 .bss._ZL11can_rx_head
                0x200033e0        0x1 ./Core/Src/app.o
 .bss._ZL11can_rx_tail
                0x200033e1        0x1 ./Core/Src/app.o
 .bss.CAN1_Active
                0x200033e2        0x1 ./Core/Src/app.o
                0x200033e2                CAN1_Active
 .bss.CAN2_Active
                0x200033e3        0x1 ./Core/Src/app.o
                0x200033e3                CAN2_Active
 .bss._ZL17can1_last_rx_tick
                0x200033e4        0x4 ./Core/Src/app.o
 .bss._ZL17can2_last_rx_tick
                0x200033e8        0x4 ./Core/Src/app.o
 .bss._ZZ12App_Timer1msE7led_cnt
                0x200033ec        0x2 ./Core/Src/app.o
 .bss._ZZ12App_Timer1msE10status_cnt
                0x200033ee        0x2 ./Core/Src/app.o
 .bss.hadc1     0x200033f0       0x68 ./Core/Src/main.o
                0x200033f0                hadc1
 .bss.Node_GPDMA1_Channel0
                0x20003458       0x24 ./Core/Src/main.o
                0x20003458                Node_GPDMA1_Channel0
 .bss.List_GPDMA1_Channel0
                0x2000347c       0x18 ./Core/Src/main.o
                0x2000347c                List_GPDMA1_Channel0
 .bss.handle_GPDMA1_Channel0
                0x20003494       0x78 ./Core/Src/main.o
                0x20003494                handle_GPDMA1_Channel0
 .bss.hfdcan1   0x2000350c       0x64 ./Core/Src/main.o
                0x2000350c                hfdcan1
 .bss.hfdcan2   0x20003570       0x64 ./Core/Src/main.o
                0x20003570                hfdcan2
 .bss.htim2     0x200035d4       0x4c ./Core/Src/main.o
                0x200035d4                htim2
 .bss.htim3     0x20003620       0x4c ./Core/Src/main.o
                0x20003620                htim3
 .bss.htim4     0x2000366c       0x4c ./Core/Src/main.o
                0x2000366c                htim4
 .bss.can_tx_ring
                0x200036b8     0x1000 ./Core/Src/main.o
 .bss.can_tx_head
                0x200046b8        0x1 ./Core/Src/main.o
 .bss.can_tx_tail
                0x200046b9        0x1 ./Core/Src/main.o
 *fill*         0x200046ba        0x2 
 .bss.last_tick.0
                0x200046bc        0x4 ./Core/Src/main.o
 .bss.HAL_RCC_FDCAN_CLK_ENABLED
                0x200046c0        0x4 ./Core/Src/stm32h5xx_hal_msp.o
 .bss._ZL13g_upd_started
                0x200046c4        0x1 ./Core/Src/upd.o
 .bss._ZL17g_upd_flash_error
                0x200046c5        0x1 ./Core/Src/upd.o
 .bss._ZL15g_upd_quad_mask
                0x200046c6        0x1 ./Core/Src/upd.o
 *fill*         0x200046c7        0x1 
 .bss.uwTick    0x200046c8        0x4 ./Drivers/STM32H5xx_HAL_Driver/Src/stm32h5xx_hal.o
                0x200046c8                uwTick
 .bss.__malloc_free_list
                0x200046cc        0x4 C:/ST/STM32CubeIDE_1.13.2/STM32CubeIDE/plugins/com.st.stm32cube.ide.mcu.externaltools.gnu-tools-for-stm32.13.3.rel1.win32_1.0.0.202411081344/tools/bin/../lib/gcc/arm-none-eabi/13.3.1/../../../../arm-none-eabi/lib/thumb/v8-m.main+fp/hard\libc_nano.a(libc_a-mallocr.o)
                0x200046cc                __malloc_free_list
 .bss.__sf      0x200046d0      0x138 C:/ST/STM32CubeIDE_1.13.2/STM32CubeIDE/plugins/com.st.stm32cube.ide.mcu.externaltools.gnu-tools-for-stm32.13.3.rel1.win32_1.0.0.202411081344/tools/bin/../lib/gcc/arm-none-eabi/13.3.1/../../../../arm-none-eabi/lib/thumb/v8-m.main+fp/hard\libc_nano.a(libc_a-findfp.o)
                0x200046d0                __sf
 .bss.errno     0x20004808        0x4 C:/ST/STM32CubeIDE_1.13.2/STM32CubeIDE/plugins/com.st.stm32cube.ide.mcu.externaltools.gnu-tools-for-stm32.13.3.rel1.win32_1.0.0.202411081344/tools/bin/../lib/gcc/arm-none-eabi/13.3.1/../../../../arm-none-eabi/lib/thumb/v8-m.main+fp/hard\libc_nano.a(libc_a-reent.o)
                0x20004808                errno
 .bss.__lock___malloc_recursive_mutex
                0x2000480c        0x1 C:/ST/STM32CubeIDE_1.13.2/STM32CubeIDE/plugins/com.st.stm32cube.ide.mcu.externaltools.gnu-tools-for-stm32.13.3.rel1.win32_1.0.0.202411081344/tools/bin/../lib/gcc/arm-none-eabi/13.3.1/../../../../arm-none-eabi/lib/thumb/v8-m.main+fp/hard\libc_nano.a(libc_a-lock.o)
                0x2000480c                __lock___malloc_recursive_mutex
 *(COMMON)
                0x20004810                        . = ALIGN (0x4)
 *fill*         0x2000480d        0x3 
                0x20004810                        _ebss = .
                0x20004810                        __bss_end__ = _ebss

._user_heap_stack
                0x20004810      0x600 load address 0x0801a424
                0x20004810                        . = ALIGN (0x8)
                [!provide]                        PROVIDE (end = .)
                0x20004810                        PROVIDE (_end = .)
                0x20004a10                        . = (. + _Min_Heap_Size)
 *fill*         0x20004810      0x200 
                0x20004e10                        . = (. + _Min_Stack_Size)
 *fill*         0x20004a10      0x400 
                0x20004e10                        . = ALIGN (0x8)

/DISCARD/
 libc.a(*)
 libm.a(*)
 libgcc.a(*)

.ARM.attributes
                0x00000000       0x36
 *(.ARM.attributes)
 .ARM.attributes
                0x00000000       0x26 C:/ST/STM32CubeIDE_1.13.2/STM32CubeIDE/plugins/com.st.stm32cube.ide.mcu.externaltools.gnu-tools-for-stm32.13.3.rel1.win32_1.0.0.202411081344/tools/bin/../lib/gcc/arm-none-eabi/13.3.1/thumb/v8-m.main+fp/hard/crti.o
 .ARM.attributes
                0x00000026       0x38 C:/ST/STM32CubeIDE_1.13.2/STM32CubeIDE/plugins/com.st.stm32cube.ide.mcu.externaltools.gnu-tools-for-stm32.13.3.rel1.win32_1.0.0.202411081344/tools/bin/../lib/gcc/arm-none-eabi/13.3.1/thumb/v8-m.main+fp/hard/crtbegin.o
 .ARM.attributes
                0x0000005e       0x3a ./Core/Src/adc.o
 .ARM.attributes
                0x00000098       0x3a ./Core/Src/app.o
 .ARM.attributes
                0x000000d2       0x3a ./Core/Src/main.o
 .ARM.attributes
                0x0000010c       0x3a ./Core/Src/stm32h5xx_hal_msp.o
 .ARM.attributes
                0x00000146       0x3a ./Core/Src/stm32h5xx_it.o
 .ARM.attributes
                0x00000180       0x3a ./Core/Src/system_stm32h5xx.o
 .ARM.attributes
                0x000001ba       0x3a ./Core/Src/upd.o
 .ARM.attributes
                0x000001f4       0x24 ./Core/Startup/startup_stm32h523retx.o
 .ARM.attributes
                0x00000218       0x3a ./Drivers/STM32H5xx_HAL_Driver/Src/stm32h5xx_hal.o
 .ARM.attributes
                0x00000252       0x3a ./Drivers/STM32H5xx_HAL_Driver/Src/stm32h5xx_hal_adc.o
 .ARM.attributes
                0x0000028c       0x3a ./Drivers/STM32H5xx_HAL_Driver/Src/stm32h5xx_hal_adc_ex.o
 .ARM.attributes
                0x000002c6       0x3a ./Drivers/STM32H5xx_HAL_Driver/Src/stm32h5xx_hal_cortex.o
 .ARM.attributes
                0x00000300       0x3a ./Drivers/STM32H5xx_HAL_Driver/Src/stm32h5xx_hal_dma.o
 .ARM.attributes